<!doctype html public "-//w3c//dtd html 4.0 transitional//en">
<html><head>
<title>Static Call Graph - [.\BUILD\NBoard.axf]</title></head>
<body><HR>
<H1>Static Call Graph for image .\BUILD\NBoard.axf</H1><HR>
<BR><P>#&#060CALLGRAPH&#062# ARM Linker, 5060528: Last Updated: Thu Feb 02 14:06:12 2023
<BR><P>
<H3>Maximum Stack Usage =        640 bytes + Unknown(Cycles, Untraceable Function Pointers)</H3><H3>
Call chain for Maximum Stack Depth:</H3>
__sti___8_main_cpp_ihm &rArr; IHM::IHM(PinName, PinName) &rArr; mbed::CAN::CAN(PinName, PinName) &rArr; can_init &rArr; can_init_freq &rArr; mbed_assert_internal &rArr; mbed_die &rArr; gpio_init_out &rArr; gpio_init &rArr; Set_GPIO_Clock &rArr; error &rArr; mbed_error_vfprintf &rArr;  core_util_critical_section_exit (Cycle)
<P>
<H3>
Mutually Recursive functions
</H3> <LI><a href="#[10]">NMI_Handler</a>&nbsp;&nbsp;&nbsp;&rArr;&nbsp;&nbsp;&nbsp;<a href="#[10]">NMI_Handler</a><BR>
 <LI><a href="#[11]">HardFault_Handler</a>&nbsp;&nbsp;&nbsp;&rArr;&nbsp;&nbsp;&nbsp;<a href="#[11]">HardFault_Handler</a><BR>
 <LI><a href="#[12]">MemManage_Handler</a>&nbsp;&nbsp;&nbsp;&rArr;&nbsp;&nbsp;&nbsp;<a href="#[12]">MemManage_Handler</a><BR>
 <LI><a href="#[13]">BusFault_Handler</a>&nbsp;&nbsp;&nbsp;&rArr;&nbsp;&nbsp;&nbsp;<a href="#[13]">BusFault_Handler</a><BR>
 <LI><a href="#[14]">UsageFault_Handler</a>&nbsp;&nbsp;&nbsp;&rArr;&nbsp;&nbsp;&nbsp;<a href="#[14]">UsageFault_Handler</a><BR>
 <LI><a href="#[15]">SVC_Handler</a>&nbsp;&nbsp;&nbsp;&rArr;&nbsp;&nbsp;&nbsp;<a href="#[15]">SVC_Handler</a><BR>
 <LI><a href="#[16]">DebugMon_Handler</a>&nbsp;&nbsp;&nbsp;&rArr;&nbsp;&nbsp;&nbsp;<a href="#[16]">DebugMon_Handler</a><BR>
 <LI><a href="#[17]">PendSV_Handler</a>&nbsp;&nbsp;&nbsp;&rArr;&nbsp;&nbsp;&nbsp;<a href="#[17]">PendSV_Handler</a><BR>
 <LI><a href="#[18]">SysTick_Handler</a>&nbsp;&nbsp;&nbsp;&rArr;&nbsp;&nbsp;&nbsp;<a href="#[18]">SysTick_Handler</a><BR>
 <LI><a href="#[2b]">ADC1_2_IRQHandler</a>&nbsp;&nbsp;&nbsp;&rArr;&nbsp;&nbsp;&nbsp;<a href="#[2b]">ADC1_2_IRQHandler</a><BR>
 <LI><a href="#[a2]">exit</a>&nbsp;&nbsp;&nbsp;&rArr;&nbsp;&nbsp;&nbsp;<a href="#[172]">mbed_die</a><BR>
 <LI><a href="#[177]">init_uart</a>&nbsp;&nbsp;&nbsp;&rArr;&nbsp;&nbsp;&nbsp;<a href="#[111]">error</a><BR>
 <LI><a href="#[16c]">pinmap_merge</a>&nbsp;&nbsp;&nbsp;&rArr;&nbsp;&nbsp;&nbsp;<a href="#[111]">error</a><BR>
 <LI><a href="#[16d]">pin_mode</a>&nbsp;&nbsp;&nbsp;&rArr;&nbsp;&nbsp;&nbsp;<a href="#[110]">Set_GPIO_Clock</a><BR>
 <LI><a href="#[174]">pin_function</a>&nbsp;&nbsp;&nbsp;&rArr;&nbsp;&nbsp;&nbsp;<a href="#[110]">Set_GPIO_Clock</a><BR>
 <LI><a href="#[16a]">pinmap_pinout</a>&nbsp;&nbsp;&nbsp;&rArr;&nbsp;&nbsp;&nbsp;<a href="#[111]">error</a><BR>
 <LI><a href="#[168]">pinmap_peripheral</a>&nbsp;&nbsp;&nbsp;&rArr;&nbsp;&nbsp;&nbsp;<a href="#[111]">error</a><BR>
 <LI><a href="#[160]">serial_init</a>&nbsp;&nbsp;&nbsp;&rArr;&nbsp;&nbsp;&nbsp;<a href="#[152]">mbed_assert_internal</a><BR>
 <LI><a href="#[171]">mbed_error_vfprintf</a>&nbsp;&nbsp;&nbsp;&rArr;&nbsp;&nbsp;&nbsp;<a href="#[140]">core_util_critical_section_exit</a><BR>
 <LI><a href="#[13e]">core_util_critical_section_enter</a>&nbsp;&nbsp;&nbsp;&rArr;&nbsp;&nbsp;&nbsp;<a href="#[152]">mbed_assert_internal</a><BR>
 <LI><a href="#[178]">mbed_error_printf</a>&nbsp;&nbsp;&nbsp;&rArr;&nbsp;&nbsp;&nbsp;<a href="#[140]">core_util_critical_section_exit</a><BR>
</UL>
<P>
<H3>
Function Pointers
</H3><UL>
 <LI><a href="#[4c]">&lang;Func1&rang;</a> from mbed/TARGET_NUCLEO_F303K8/TOOLCHAIN_ARM_STD/mbed.ar(CAN.o)(i.<Func1>) referenced from mbed/TARGET_NUCLEO_F303K8/TOOLCHAIN_ARM_STD/mbed.ar(CAN.o)(i._ZN4mbed3CANC1E7PinNameS1_)
 <LI><a href="#[2b]">ADC1_2_IRQHandler</a> from mbed/TARGET_NUCLEO_F303K8/TOOLCHAIN_ARM_STD/startup_stm32f303x8.o(.text) referenced from mbed/TARGET_NUCLEO_F303K8/TOOLCHAIN_ARM_STD/startup_stm32f303x8.o(RESET)
 <LI><a href="#[13]">BusFault_Handler</a> from mbed/TARGET_NUCLEO_F303K8/TOOLCHAIN_ARM_STD/startup_stm32f303x8.o(.text) referenced from mbed/TARGET_NUCLEO_F303K8/TOOLCHAIN_ARM_STD/startup_stm32f303x8.o(RESET)
 <LI><a href="#[2d]">CAN_RX0_IRQHandler</a> from mbed/TARGET_NUCLEO_F303K8/TOOLCHAIN_ARM_STD/can_api.o(i.CAN_RX0_IRQHandler) referenced from mbed/TARGET_NUCLEO_F303K8/TOOLCHAIN_ARM_STD/startup_stm32f303x8.o(RESET)
 <LI><a href="#[2d]">CAN_RX0_IRQHandler</a> from mbed/TARGET_NUCLEO_F303K8/TOOLCHAIN_ARM_STD/can_api.o(i.CAN_RX0_IRQHandler) referenced from mbed/TARGET_NUCLEO_F303K8/TOOLCHAIN_ARM_STD/can_api.o(i.can_irq_set)
 <LI><a href="#[2e]">CAN_RX1_IRQHandler</a> from mbed/TARGET_NUCLEO_F303K8/TOOLCHAIN_ARM_STD/startup_stm32f303x8.o(.text) referenced from mbed/TARGET_NUCLEO_F303K8/TOOLCHAIN_ARM_STD/startup_stm32f303x8.o(RESET)
 <LI><a href="#[2f]">CAN_SCE_IRQHandler</a> from mbed/TARGET_NUCLEO_F303K8/TOOLCHAIN_ARM_STD/can_api.o(i.CAN_SCE_IRQHandler) referenced from mbed/TARGET_NUCLEO_F303K8/TOOLCHAIN_ARM_STD/startup_stm32f303x8.o(RESET)
 <LI><a href="#[2f]">CAN_SCE_IRQHandler</a> from mbed/TARGET_NUCLEO_F303K8/TOOLCHAIN_ARM_STD/can_api.o(i.CAN_SCE_IRQHandler) referenced from mbed/TARGET_NUCLEO_F303K8/TOOLCHAIN_ARM_STD/can_api.o(i.can_irq_set)
 <LI><a href="#[2c]">CAN_TX_IRQHandler</a> from mbed/TARGET_NUCLEO_F303K8/TOOLCHAIN_ARM_STD/can_api.o(i.CAN_TX_IRQHandler) referenced from mbed/TARGET_NUCLEO_F303K8/TOOLCHAIN_ARM_STD/startup_stm32f303x8.o(RESET)
 <LI><a href="#[2c]">CAN_TX_IRQHandler</a> from mbed/TARGET_NUCLEO_F303K8/TOOLCHAIN_ARM_STD/can_api.o(i.CAN_TX_IRQHandler) referenced from mbed/TARGET_NUCLEO_F303K8/TOOLCHAIN_ARM_STD/can_api.o(i.can_irq_set)
 <LI><a href="#[41]">COMP2_IRQHandler</a> from mbed/TARGET_NUCLEO_F303K8/TOOLCHAIN_ARM_STD/startup_stm32f303x8.o(.text) referenced from mbed/TARGET_NUCLEO_F303K8/TOOLCHAIN_ARM_STD/startup_stm32f303x8.o(RESET)
 <LI><a href="#[42]">COMP4_6_IRQHandler</a> from mbed/TARGET_NUCLEO_F303K8/TOOLCHAIN_ARM_STD/startup_stm32f303x8.o(.text) referenced from mbed/TARGET_NUCLEO_F303K8/TOOLCHAIN_ARM_STD/startup_stm32f303x8.o(RESET)
 <LI><a href="#[24]">DMA1_Channel1_IRQHandler</a> from mbed/TARGET_NUCLEO_F303K8/TOOLCHAIN_ARM_STD/startup_stm32f303x8.o(.text) referenced from mbed/TARGET_NUCLEO_F303K8/TOOLCHAIN_ARM_STD/startup_stm32f303x8.o(RESET)
 <LI><a href="#[25]">DMA1_Channel2_IRQHandler</a> from mbed/TARGET_NUCLEO_F303K8/TOOLCHAIN_ARM_STD/startup_stm32f303x8.o(.text) referenced from mbed/TARGET_NUCLEO_F303K8/TOOLCHAIN_ARM_STD/startup_stm32f303x8.o(RESET)
 <LI><a href="#[26]">DMA1_Channel3_IRQHandler</a> from mbed/TARGET_NUCLEO_F303K8/TOOLCHAIN_ARM_STD/startup_stm32f303x8.o(.text) referenced from mbed/TARGET_NUCLEO_F303K8/TOOLCHAIN_ARM_STD/startup_stm32f303x8.o(RESET)
 <LI><a href="#[27]">DMA1_Channel4_IRQHandler</a> from mbed/TARGET_NUCLEO_F303K8/TOOLCHAIN_ARM_STD/startup_stm32f303x8.o(.text) referenced from mbed/TARGET_NUCLEO_F303K8/TOOLCHAIN_ARM_STD/startup_stm32f303x8.o(RESET)
 <LI><a href="#[28]">DMA1_Channel5_IRQHandler</a> from mbed/TARGET_NUCLEO_F303K8/TOOLCHAIN_ARM_STD/startup_stm32f303x8.o(.text) referenced from mbed/TARGET_NUCLEO_F303K8/TOOLCHAIN_ARM_STD/startup_stm32f303x8.o(RESET)
 <LI><a href="#[29]">DMA1_Channel6_IRQHandler</a> from mbed/TARGET_NUCLEO_F303K8/TOOLCHAIN_ARM_STD/startup_stm32f303x8.o(.text) referenced from mbed/TARGET_NUCLEO_F303K8/TOOLCHAIN_ARM_STD/startup_stm32f303x8.o(RESET)
 <LI><a href="#[2a]">DMA1_Channel7_IRQHandler</a> from mbed/TARGET_NUCLEO_F303K8/TOOLCHAIN_ARM_STD/startup_stm32f303x8.o(.text) referenced from mbed/TARGET_NUCLEO_F303K8/TOOLCHAIN_ARM_STD/startup_stm32f303x8.o(RESET)
 <LI><a href="#[16]">DebugMon_Handler</a> from mbed/TARGET_NUCLEO_F303K8/TOOLCHAIN_ARM_STD/startup_stm32f303x8.o(.text) referenced from mbed/TARGET_NUCLEO_F303K8/TOOLCHAIN_ARM_STD/startup_stm32f303x8.o(RESET)
 <LI><a href="#[1f]">EXTI0_IRQHandler</a> from mbed/TARGET_NUCLEO_F303K8/TOOLCHAIN_ARM_STD/startup_stm32f303x8.o(.text) referenced from mbed/TARGET_NUCLEO_F303K8/TOOLCHAIN_ARM_STD/startup_stm32f303x8.o(RESET)
 <LI><a href="#[3d]">EXTI15_10_IRQHandler</a> from mbed/TARGET_NUCLEO_F303K8/TOOLCHAIN_ARM_STD/startup_stm32f303x8.o(.text) referenced from mbed/TARGET_NUCLEO_F303K8/TOOLCHAIN_ARM_STD/startup_stm32f303x8.o(RESET)
 <LI><a href="#[20]">EXTI1_IRQHandler</a> from mbed/TARGET_NUCLEO_F303K8/TOOLCHAIN_ARM_STD/startup_stm32f303x8.o(.text) referenced from mbed/TARGET_NUCLEO_F303K8/TOOLCHAIN_ARM_STD/startup_stm32f303x8.o(RESET)
 <LI><a href="#[21]">EXTI2_TSC_IRQHandler</a> from mbed/TARGET_NUCLEO_F303K8/TOOLCHAIN_ARM_STD/startup_stm32f303x8.o(.text) referenced from mbed/TARGET_NUCLEO_F303K8/TOOLCHAIN_ARM_STD/startup_stm32f303x8.o(RESET)
 <LI><a href="#[22]">EXTI3_IRQHandler</a> from mbed/TARGET_NUCLEO_F303K8/TOOLCHAIN_ARM_STD/startup_stm32f303x8.o(.text) referenced from mbed/TARGET_NUCLEO_F303K8/TOOLCHAIN_ARM_STD/startup_stm32f303x8.o(RESET)
 <LI><a href="#[23]">EXTI4_IRQHandler</a> from mbed/TARGET_NUCLEO_F303K8/TOOLCHAIN_ARM_STD/startup_stm32f303x8.o(.text) referenced from mbed/TARGET_NUCLEO_F303K8/TOOLCHAIN_ARM_STD/startup_stm32f303x8.o(RESET)
 <LI><a href="#[30]">EXTI9_5_IRQHandler</a> from mbed/TARGET_NUCLEO_F303K8/TOOLCHAIN_ARM_STD/startup_stm32f303x8.o(.text) referenced from mbed/TARGET_NUCLEO_F303K8/TOOLCHAIN_ARM_STD/startup_stm32f303x8.o(RESET)
 <LI><a href="#[1d]">FLASH_IRQHandler</a> from mbed/TARGET_NUCLEO_F303K8/TOOLCHAIN_ARM_STD/startup_stm32f303x8.o(.text) referenced from mbed/TARGET_NUCLEO_F303K8/TOOLCHAIN_ARM_STD/startup_stm32f303x8.o(RESET)
 <LI><a href="#[43]">FPU_IRQHandler</a> from mbed/TARGET_NUCLEO_F303K8/TOOLCHAIN_ARM_STD/startup_stm32f303x8.o(.text) referenced from mbed/TARGET_NUCLEO_F303K8/TOOLCHAIN_ARM_STD/startup_stm32f303x8.o(RESET)
 <LI><a href="#[11]">HardFault_Handler</a> from mbed/TARGET_NUCLEO_F303K8/TOOLCHAIN_ARM_STD/startup_stm32f303x8.o(.text) referenced from mbed/TARGET_NUCLEO_F303K8/TOOLCHAIN_ARM_STD/startup_stm32f303x8.o(RESET)
 <LI><a href="#[38]">I2C1_ER_IRQHandler</a> from mbed/TARGET_NUCLEO_F303K8/TOOLCHAIN_ARM_STD/startup_stm32f303x8.o(.text) referenced from mbed/TARGET_NUCLEO_F303K8/TOOLCHAIN_ARM_STD/startup_stm32f303x8.o(RESET)
 <LI><a href="#[37]">I2C1_EV_IRQHandler</a> from mbed/TARGET_NUCLEO_F303K8/TOOLCHAIN_ARM_STD/startup_stm32f303x8.o(.text) referenced from mbed/TARGET_NUCLEO_F303K8/TOOLCHAIN_ARM_STD/startup_stm32f303x8.o(RESET)
 <LI><a href="#[12]">MemManage_Handler</a> from mbed/TARGET_NUCLEO_F303K8/TOOLCHAIN_ARM_STD/startup_stm32f303x8.o(.text) referenced from mbed/TARGET_NUCLEO_F303K8/TOOLCHAIN_ARM_STD/startup_stm32f303x8.o(RESET)
 <LI><a href="#[10]">NMI_Handler</a> from mbed/TARGET_NUCLEO_F303K8/TOOLCHAIN_ARM_STD/startup_stm32f303x8.o(.text) referenced from mbed/TARGET_NUCLEO_F303K8/TOOLCHAIN_ARM_STD/startup_stm32f303x8.o(RESET)
 <LI><a href="#[1a]">PVD_IRQHandler</a> from mbed/TARGET_NUCLEO_F303K8/TOOLCHAIN_ARM_STD/startup_stm32f303x8.o(.text) referenced from mbed/TARGET_NUCLEO_F303K8/TOOLCHAIN_ARM_STD/startup_stm32f303x8.o(RESET)
 <LI><a href="#[17]">PendSV_Handler</a> from mbed/TARGET_NUCLEO_F303K8/TOOLCHAIN_ARM_STD/startup_stm32f303x8.o(.text) referenced from mbed/TARGET_NUCLEO_F303K8/TOOLCHAIN_ARM_STD/startup_stm32f303x8.o(RESET)
 <LI><a href="#[1e]">RCC_IRQHandler</a> from mbed/TARGET_NUCLEO_F303K8/TOOLCHAIN_ARM_STD/startup_stm32f303x8.o(.text) referenced from mbed/TARGET_NUCLEO_F303K8/TOOLCHAIN_ARM_STD/startup_stm32f303x8.o(RESET)
 <LI><a href="#[3e]">RTC_Alarm_IRQHandler</a> from mbed/TARGET_NUCLEO_F303K8/TOOLCHAIN_ARM_STD/startup_stm32f303x8.o(.text) referenced from mbed/TARGET_NUCLEO_F303K8/TOOLCHAIN_ARM_STD/startup_stm32f303x8.o(RESET)
 <LI><a href="#[1c]">RTC_WKUP_IRQHandler</a> from mbed/TARGET_NUCLEO_F303K8/TOOLCHAIN_ARM_STD/startup_stm32f303x8.o(.text) referenced from mbed/TARGET_NUCLEO_F303K8/TOOLCHAIN_ARM_STD/startup_stm32f303x8.o(RESET)
 <LI><a href="#[f]">Reset_Handler</a> from mbed/TARGET_NUCLEO_F303K8/TOOLCHAIN_ARM_STD/startup_stm32f303x8.o(.text) referenced from mbed/TARGET_NUCLEO_F303K8/TOOLCHAIN_ARM_STD/startup_stm32f303x8.o(RESET)
 <LI><a href="#[39]">SPI1_IRQHandler</a> from mbed/TARGET_NUCLEO_F303K8/TOOLCHAIN_ARM_STD/startup_stm32f303x8.o(.text) referenced from mbed/TARGET_NUCLEO_F303K8/TOOLCHAIN_ARM_STD/startup_stm32f303x8.o(RESET)
 <LI><a href="#[15]">SVC_Handler</a> from mbed/TARGET_NUCLEO_F303K8/TOOLCHAIN_ARM_STD/startup_stm32f303x8.o(.text) referenced from mbed/TARGET_NUCLEO_F303K8/TOOLCHAIN_ARM_STD/startup_stm32f303x8.o(RESET)
 <LI><a href="#[18]">SysTick_Handler</a> from mbed/TARGET_NUCLEO_F303K8/TOOLCHAIN_ARM_STD/startup_stm32f303x8.o(.text) referenced from mbed/TARGET_NUCLEO_F303K8/TOOLCHAIN_ARM_STD/startup_stm32f303x8.o(RESET)
 <LI><a href="#[44]">SystemInit</a> from mbed/TARGET_NUCLEO_F303K8/TOOLCHAIN_ARM_STD/system_clock.o(i.SystemInit) referenced from mbed/TARGET_NUCLEO_F303K8/TOOLCHAIN_ARM_STD/startup_stm32f303x8.o(.text)
 <LI><a href="#[1b]">TAMP_STAMP_IRQHandler</a> from mbed/TARGET_NUCLEO_F303K8/TOOLCHAIN_ARM_STD/startup_stm32f303x8.o(.text) referenced from mbed/TARGET_NUCLEO_F303K8/TOOLCHAIN_ARM_STD/startup_stm32f303x8.o(RESET)
 <LI><a href="#[31]">TIM1_BRK_TIM15_IRQHandler</a> from mbed/TARGET_NUCLEO_F303K8/TOOLCHAIN_ARM_STD/startup_stm32f303x8.o(.text) referenced from mbed/TARGET_NUCLEO_F303K8/TOOLCHAIN_ARM_STD/startup_stm32f303x8.o(RESET)
 <LI><a href="#[34]">TIM1_CC_IRQHandler</a> from mbed/TARGET_NUCLEO_F303K8/TOOLCHAIN_ARM_STD/startup_stm32f303x8.o(.text) referenced from mbed/TARGET_NUCLEO_F303K8/TOOLCHAIN_ARM_STD/startup_stm32f303x8.o(RESET)
 <LI><a href="#[33]">TIM1_TRG_COM_TIM17_IRQHandler</a> from mbed/TARGET_NUCLEO_F303K8/TOOLCHAIN_ARM_STD/startup_stm32f303x8.o(.text) referenced from mbed/TARGET_NUCLEO_F303K8/TOOLCHAIN_ARM_STD/startup_stm32f303x8.o(RESET)
 <LI><a href="#[32]">TIM1_UP_TIM16_IRQHandler</a> from mbed/TARGET_NUCLEO_F303K8/TOOLCHAIN_ARM_STD/startup_stm32f303x8.o(.text) referenced from mbed/TARGET_NUCLEO_F303K8/TOOLCHAIN_ARM_STD/startup_stm32f303x8.o(RESET)
 <LI><a href="#[35]">TIM2_IRQHandler</a> from mbed/TARGET_NUCLEO_F303K8/TOOLCHAIN_ARM_STD/startup_stm32f303x8.o(.text) referenced from mbed/TARGET_NUCLEO_F303K8/TOOLCHAIN_ARM_STD/startup_stm32f303x8.o(RESET)
 <LI><a href="#[36]">TIM3_IRQHandler</a> from mbed/TARGET_NUCLEO_F303K8/TOOLCHAIN_ARM_STD/startup_stm32f303x8.o(.text) referenced from mbed/TARGET_NUCLEO_F303K8/TOOLCHAIN_ARM_STD/startup_stm32f303x8.o(RESET)
 <LI><a href="#[3f]">TIM6_DAC1_IRQHandler</a> from mbed/TARGET_NUCLEO_F303K8/TOOLCHAIN_ARM_STD/startup_stm32f303x8.o(.text) referenced from mbed/TARGET_NUCLEO_F303K8/TOOLCHAIN_ARM_STD/startup_stm32f303x8.o(RESET)
 <LI><a href="#[40]">TIM7_DAC2_IRQHandler</a> from mbed/TARGET_NUCLEO_F303K8/TOOLCHAIN_ARM_STD/startup_stm32f303x8.o(.text) referenced from mbed/TARGET_NUCLEO_F303K8/TOOLCHAIN_ARM_STD/startup_stm32f303x8.o(RESET)
 <LI><a href="#[3a]">USART1_IRQHandler</a> from mbed/TARGET_NUCLEO_F303K8/TOOLCHAIN_ARM_STD/startup_stm32f303x8.o(.text) referenced from mbed/TARGET_NUCLEO_F303K8/TOOLCHAIN_ARM_STD/startup_stm32f303x8.o(RESET)
 <LI><a href="#[3b]">USART2_IRQHandler</a> from mbed/TARGET_NUCLEO_F303K8/TOOLCHAIN_ARM_STD/startup_stm32f303x8.o(.text) referenced from mbed/TARGET_NUCLEO_F303K8/TOOLCHAIN_ARM_STD/startup_stm32f303x8.o(RESET)
 <LI><a href="#[3c]">USART3_IRQHandler</a> from mbed/TARGET_NUCLEO_F303K8/TOOLCHAIN_ARM_STD/startup_stm32f303x8.o(.text) referenced from mbed/TARGET_NUCLEO_F303K8/TOOLCHAIN_ARM_STD/startup_stm32f303x8.o(RESET)
 <LI><a href="#[14]">UsageFault_Handler</a> from mbed/TARGET_NUCLEO_F303K8/TOOLCHAIN_ARM_STD/startup_stm32f303x8.o(.text) referenced from mbed/TARGET_NUCLEO_F303K8/TOOLCHAIN_ARM_STD/startup_stm32f303x8.o(RESET)
 <LI><a href="#[19]">WWDG_IRQHandler</a> from mbed/TARGET_NUCLEO_F303K8/TOOLCHAIN_ARM_STD/startup_stm32f303x8.o(.text) referenced from mbed/TARGET_NUCLEO_F303K8/TOOLCHAIN_ARM_STD/startup_stm32f303x8.o(RESET)
 <LI><a href="#[54]">IHM::can_ISR_Reader()</a> from .\build\ihm.o(i._ZN3IHM14can_ISR_ReaderEv) referenced from .\build\ihm.o(.constdata)
 <LI><a href="#[4f]">IHM::~IHM()</a> from .\build\main.o(i._ZN3IHMD1Ev) referenced from .\build\main.o(i.__sti___8_main_cpp_ihm)
 <LI><a href="#[4b]">mbed::CANMessage::CANMessage()</a> from .\build\ihm.o(i._ZN4mbed10CANMessageC1Ev) referenced from .\build\ihm.o(i._ZN3IHMC1E7PinNameS0_)
 <LI><a href="#[4d]">mbed::CAN::_irq_handler(unsigned, CanIrqType)</a> from mbed/TARGET_NUCLEO_F303K8/TOOLCHAIN_ARM_STD/mbed.ar(CAN.o)(i._ZN4mbed3CAN12_irq_handlerEj10CanIrqType) referenced from mbed/TARGET_NUCLEO_F303K8/TOOLCHAIN_ARM_STD/mbed.ar(CAN.o)(i._ZN4mbed3CANC1E7PinNameS1_)
 <LI><a href="#[5c]">mbed::CAN::lock()</a> from mbed/TARGET_NUCLEO_F303K8/TOOLCHAIN_ARM_STD/mbed.ar(CAN.o)(i._ZN4mbed3CAN4lockEv) referenced from mbed/TARGET_NUCLEO_F303K8/TOOLCHAIN_ARM_STD/mbed.ar(CAN.o)(.constdata__ZTVN4mbed3CANE)
 <LI><a href="#[5d]">mbed::CAN::unlock()</a> from mbed/TARGET_NUCLEO_F303K8/TOOLCHAIN_ARM_STD/mbed.ar(CAN.o)(i._ZN4mbed3CAN6unlockEv) referenced from mbed/TARGET_NUCLEO_F303K8/TOOLCHAIN_ARM_STD/mbed.ar(CAN.o)(.constdata__ZTVN4mbed3CANE)
 <LI><a href="#[5b]">mbed::CAN::~CAN()</a> from mbed/TARGET_NUCLEO_F303K8/TOOLCHAIN_ARM_STD/mbed.ar(CAN.o)(i._ZN4mbed3CAND1Ev) referenced from mbed/TARGET_NUCLEO_F303K8/TOOLCHAIN_ARM_STD/mbed.ar(CAN.o)(.constdata__ZTVN4mbed3CANE)
 <LI><a href="#[50]">mbed::Timer::~Timer()</a> from mbed/TARGET_NUCLEO_F303K8/TOOLCHAIN_ARM_STD/mbed.ar(Timer.o)(i._ZN4mbed5TimerD1Ev) referenced from .\build\main.o(i.__sti___8_main_cpp_ihm)
 <LI><a href="#[5e]">mbed::BusOut::lock()</a> from mbed/TARGET_NUCLEO_F303K8/TOOLCHAIN_ARM_STD/mbed.ar(BusOut.o)(i._ZN4mbed6BusOut4lockEv) referenced from mbed/TARGET_NUCLEO_F303K8/TOOLCHAIN_ARM_STD/mbed.ar(BusOut.o)(.constdata__ZTVN4mbed6BusOutE)
 <LI><a href="#[5f]">mbed::BusOut::unlock()</a> from mbed/TARGET_NUCLEO_F303K8/TOOLCHAIN_ARM_STD/mbed.ar(BusOut.o)(i._ZN4mbed6BusOut6unlockEv) referenced from mbed/TARGET_NUCLEO_F303K8/TOOLCHAIN_ARM_STD/mbed.ar(BusOut.o)(.constdata__ZTVN4mbed6BusOutE)
 <LI><a href="#[51]">mbed::BusOut::~BusOut()</a> from mbed/TARGET_NUCLEO_F303K8/TOOLCHAIN_ARM_STD/mbed.ar(BusOut.o)(i._ZN4mbed6BusOutD1Ev) referenced from mbed/TARGET_NUCLEO_F303K8/TOOLCHAIN_ARM_STD/mbed.ar(BusOut.o)(.constdata__ZTVN4mbed6BusOutE)
 <LI><a href="#[51]">mbed::BusOut::~BusOut()</a> from mbed/TARGET_NUCLEO_F303K8/TOOLCHAIN_ARM_STD/mbed.ar(BusOut.o)(i._ZN4mbed6BusOutD1Ev) referenced from .\build\main.o(i.__sti___8_main_cpp_ihm)
 <LI><a href="#[52]">mbed::PwmOut::~PwmOut()</a> from .\build\main.o(i._ZN4mbed6PwmOutD1Ev) referenced from .\build\main.o(i.__sti___8_main_cpp_ihm)
 <LI><a href="#[60]">mbed::AnalogIn::lock()</a> from .\build\main.o(i._ZN4mbed8AnalogIn4lockEv) referenced from .\build\main.o(.constdata__ZTVN4mbed8AnalogInE)
 <LI><a href="#[61]">mbed::AnalogIn::unlock()</a> from .\build\main.o(i._ZN4mbed8AnalogIn6unlockEv) referenced from .\build\main.o(.constdata__ZTVN4mbed8AnalogInE)
 <LI><a href="#[53]">mbed::AnalogIn::~AnalogIn()</a> from .\build\main.o(i._ZN4mbed8AnalogInD1Ev) referenced from .\build\main.o(.constdata__ZTVN4mbed8AnalogInE)
 <LI><a href="#[53]">mbed::AnalogIn::~AnalogIn()</a> from .\build\main.o(i._ZN4mbed8AnalogInD1Ev) referenced from .\build\main.o(i.__sti___8_main_cpp_ihm)
 <LI><a href="#[62]">void mbed::Callback&lang;void()&rang;::function_call&lang;mbed::Callback&lang;void()&rang;::method_context&lang;IHM, void(IHM::*)()&rang;&rang;(const void*)</a> from .\build\ihm.o(t._ZN4mbed8CallbackIFvvEE13function_callINS2_14method_contextI3IHMMS5_FvvEEEEEvPKv) referenced from .\build\ihm.o(.constdata__ZZN4mbed8CallbackIFvvEE8generateINS2_14method_contextI3IHMMS5_FvvEEEEEvRKT_E3ops)
 <LI><a href="#[64]">void mbed::Callback&lang;void()&rang;::function_dtor&lang;mbed::Callback&lang;void()&rang;::method_context&lang;IHM, void(IHM::*)()&rang;&rang;(void*)</a> from .\build\ihm.o(t._ZN4mbed8CallbackIFvvEE13function_dtorINS2_14method_contextI3IHMMS5_FvvEEEEEvPv) referenced from .\build\ihm.o(.constdata__ZZN4mbed8CallbackIFvvEE8generateINS2_14method_contextI3IHMMS5_FvvEEEEEvRKT_E3ops)
 <LI><a href="#[63]">void mbed::Callback&lang;void()&rang;::function_move&lang;mbed::Callback&lang;void()&rang;::method_context&lang;IHM, void(IHM::*)()&rang;&rang;(void*, const void*)</a> from .\build\ihm.o(t._ZN4mbed8CallbackIFvvEE13function_moveINS2_14method_contextI3IHMMS5_FvvEEEEEvPvPKv) referenced from .\build\ihm.o(.constdata__ZZN4mbed8CallbackIFvvEE8generateINS2_14method_contextI3IHMMS5_FvvEEEEEvRKT_E3ops)
 <LI><a href="#[4e]">mbed::Callback&lang;void()&rang;::~Callback()</a> from mbed/TARGET_NUCLEO_F303K8/TOOLCHAIN_ARM_STD/mbed.ar(CAN.o)(t._ZN4mbed8CallbackIFvvEED1Ev) referenced from mbed/TARGET_NUCLEO_F303K8/TOOLCHAIN_ARM_STD/mbed.ar(CAN.o)(i._ZN4mbed3CAND1Ev)
 <LI><a href="#[66]">__main</a> from C:\Logiciels_GE1\Keil_v5\ARM\ARMCC\Bin\..\lib\armlib\c_w.l(__main.o)(!!!main) referenced from mbed/TARGET_NUCLEO_F303K8/TOOLCHAIN_ARM_STD/startup_stm32f303x8.o(.text)
 <LI><a href="#[65]">__sti___8_main_cpp_ihm</a> from .\build\main.o(i.__sti___8_main_cpp_ihm) referenced from .\build\main.o(.init_array)
 <LI><a href="#[49]">_get_lc_ctype</a> from C:\Logiciels_GE1\Keil_v5\ARM\ARMCC\Bin\..\lib\armlib\c_w.l(lc_ctype_c.o)(locale$$code) referenced from C:\Logiciels_GE1\Keil_v5\ARM\ARMCC\Bin\..\lib\armlib\c_w.l(rt_ctype_table.o)(.text)
 <LI><a href="#[48]">_printf_input_char</a> from C:\Logiciels_GE1\Keil_v5\ARM\ARMCC\Bin\..\lib\armlib\c_w.l(_printf_char_common.o)(.text) referenced from C:\Logiciels_GE1\Keil_v5\ARM\ARMCC\Bin\..\lib\armlib\c_w.l(_printf_char_common.o)(.text)
 <LI><a href="#[46]">_snputc</a> from C:\Logiciels_GE1\Keil_v5\ARM\ARMCC\Bin\..\lib\armlib\c_w.l(_snputc.o)(.text) referenced from C:\Logiciels_GE1\Keil_v5\ARM\ARMCC\Bin\..\lib\armlib\c_w.l(vsnprintf.o)(.text)
 <LI><a href="#[47]">_sputc</a> from C:\Logiciels_GE1\Keil_v5\ARM\ARMCC\Bin\..\lib\armlib\c_w.l(_sputc.o)(.text) referenced from C:\Logiciels_GE1\Keil_v5\ARM\ARMCC\Bin\..\lib\armlib\c_w.l(c89vsprintf.o)(.text)
 <LI><a href="#[4a]">timer_irq_handler</a> from mbed/TARGET_NUCLEO_F303K8/TOOLCHAIN_ARM_STD/hal_tick_32b.o(i.timer_irq_handler) referenced from mbed/TARGET_NUCLEO_F303K8/TOOLCHAIN_ARM_STD/hal_tick_32b.o(i.HAL_InitTick)
 <LI><a href="#[58]">us_ticker_clear_interrupt</a> from mbed/TARGET_NUCLEO_F303K8/TOOLCHAIN_ARM_STD/us_ticker_32b.o(i.us_ticker_clear_interrupt) referenced from mbed/TARGET_NUCLEO_F303K8/TOOLCHAIN_ARM_STD/mbed.ar(mbed_us_ticker_api.o)(.constdata)
 <LI><a href="#[57]">us_ticker_disable_interrupt</a> from mbed/TARGET_NUCLEO_F303K8/TOOLCHAIN_ARM_STD/us_ticker_32b.o(i.us_ticker_disable_interrupt) referenced from mbed/TARGET_NUCLEO_F303K8/TOOLCHAIN_ARM_STD/mbed.ar(mbed_us_ticker_api.o)(.constdata)
 <LI><a href="#[5a]">us_ticker_fire_interrupt</a> from mbed/TARGET_NUCLEO_F303K8/TOOLCHAIN_ARM_STD/us_ticker_32b.o(i.us_ticker_fire_interrupt) referenced from mbed/TARGET_NUCLEO_F303K8/TOOLCHAIN_ARM_STD/mbed.ar(mbed_us_ticker_api.o)(.constdata)
 <LI><a href="#[55]">us_ticker_init</a> from mbed/TARGET_NUCLEO_F303K8/TOOLCHAIN_ARM_STD/us_ticker_32b.o(i.us_ticker_init) referenced from mbed/TARGET_NUCLEO_F303K8/TOOLCHAIN_ARM_STD/mbed.ar(mbed_us_ticker_api.o)(.constdata)
 <LI><a href="#[56]">us_ticker_read</a> from mbed/TARGET_NUCLEO_F303K8/TOOLCHAIN_ARM_STD/us_ticker_32b.o(i.us_ticker_read) referenced from mbed/TARGET_NUCLEO_F303K8/TOOLCHAIN_ARM_STD/mbed.ar(mbed_us_ticker_api.o)(.constdata)
 <LI><a href="#[59]">us_ticker_set_interrupt</a> from mbed/TARGET_NUCLEO_F303K8/TOOLCHAIN_ARM_STD/us_ticker_32b.o(i.us_ticker_set_interrupt) referenced from mbed/TARGET_NUCLEO_F303K8/TOOLCHAIN_ARM_STD/mbed.ar(mbed_us_ticker_api.o)(.constdata)
</UL>
<P>
<H3>
Global Symbols
</H3>
<P><STRONG><a name="[66]"></a>__main</STRONG> (Thumb, 8 bytes, Stack size 0 bytes, C:\Logiciels_GE1\Keil_v5\ARM\ARMCC\Bin\..\lib\armlib\c_w.l(__main.o)(!!!main))
<BR><BR>[Calls]<UL><LI><a href="#[68]">&gt;&gt;</a>&nbsp;&nbsp;&nbsp;__scatterload
<LI><a href="#[69]">&gt;&gt;</a>&nbsp;&nbsp;&nbsp;__rt_entry
</UL>

<P><STRONG><a name="[68]"></a>__scatterload</STRONG> (Thumb, 0 bytes, Stack size unknown bytes, C:\Logiciels_GE1\Keil_v5\ARM\ARMCC\Bin\..\lib\armlib\c_w.l(__scatter.o)(!!!scatter))
<BR><BR>[Called By]<UL><LI><a href="#[66]">&gt;&gt;</a>&nbsp;&nbsp;&nbsp;__main
</UL>

<P><STRONG><a name="[6a]"></a>__scatterload_rt2</STRONG> (Thumb, 44 bytes, Stack size unknown bytes, C:\Logiciels_GE1\Keil_v5\ARM\ARMCC\Bin\..\lib\armlib\c_w.l(__scatter.o)(!!!scatter), UNUSED)
<BR><BR>[Calls]<UL><LI><a href="#[69]">&gt;&gt;</a>&nbsp;&nbsp;&nbsp;__rt_entry
</UL>

<P><STRONG><a name="[18b]"></a>__scatterload_rt2_thumb_only</STRONG> (Thumb, 0 bytes, Stack size unknown bytes, C:\Logiciels_GE1\Keil_v5\ARM\ARMCC\Bin\..\lib\armlib\c_w.l(__scatter.o)(!!!scatter), UNUSED)

<P><STRONG><a name="[18c]"></a>__scatterload_null</STRONG> (Thumb, 0 bytes, Stack size unknown bytes, C:\Logiciels_GE1\Keil_v5\ARM\ARMCC\Bin\..\lib\armlib\c_w.l(__scatter.o)(!!!scatter), UNUSED)

<P><STRONG><a name="[6b]"></a>__scatterload_copy</STRONG> (Thumb, 26 bytes, Stack size unknown bytes, C:\Logiciels_GE1\Keil_v5\ARM\ARMCC\Bin\..\lib\armlib\c_w.l(__scatter_copy.o)(!!handler_copy), UNUSED)
<BR><BR>[Calls]<UL><LI><a href="#[6b]">&gt;&gt;</a>&nbsp;&nbsp;&nbsp;__scatterload_copy
</UL>
<BR>[Called By]<UL><LI><a href="#[6b]">&gt;&gt;</a>&nbsp;&nbsp;&nbsp;__scatterload_copy
</UL>

<P><STRONG><a name="[18d]"></a>__scatterload_zeroinit</STRONG> (Thumb, 28 bytes, Stack size unknown bytes, C:\Logiciels_GE1\Keil_v5\ARM\ARMCC\Bin\..\lib\armlib\c_w.l(__scatter_zi.o)(!!handler_zi), UNUSED)

<P><STRONG><a name="[6c]"></a>_printf_n</STRONG> (Thumb, 0 bytes, Stack size unknown bytes, C:\Logiciels_GE1\Keil_v5\ARM\ARMCC\Bin\..\lib\armlib\c_w.l(_printf_n.o)(.ARM.Collect$$_printf_percent$$00000001))
<BR><BR>[Calls]<UL><LI><a href="#[6d]">&gt;&gt;</a>&nbsp;&nbsp;&nbsp;_printf_charcount
</UL>

<P><STRONG><a name="[c6]"></a>_printf_percent</STRONG> (Thumb, 0 bytes, Stack size unknown bytes, C:\Logiciels_GE1\Keil_v5\ARM\ARMCC\Bin\..\lib\armlib\c_w.l(_printf_percent.o)(.ARM.Collect$$_printf_percent$$00000000))
<BR><BR>[Called By]<UL><LI><a href="#[bf]">&gt;&gt;</a>&nbsp;&nbsp;&nbsp;__printf
</UL>

<P><STRONG><a name="[6e]"></a>_printf_p</STRONG> (Thumb, 0 bytes, Stack size unknown bytes, C:\Logiciels_GE1\Keil_v5\ARM\ARMCC\Bin\..\lib\armlib\c_w.l(_printf_p.o)(.ARM.Collect$$_printf_percent$$00000002))
<BR><BR>[Stack]<UL><LI>Max Depth = 64 + Unknown Stack Size
<LI>Call Chain = _printf_p &rArr; _printf_hex_ptr &rArr; _printf_longlong_hex &rArr; _printf_int_common &rArr; _printf_post_padding
</UL>
<BR>[Calls]<UL><LI><a href="#[6f]">&gt;&gt;</a>&nbsp;&nbsp;&nbsp;_printf_hex_ptr
</UL>

<P><STRONG><a name="[70]"></a>_printf_f</STRONG> (Thumb, 0 bytes, Stack size unknown bytes, C:\Logiciels_GE1\Keil_v5\ARM\ARMCC\Bin\..\lib\armlib\c_w.l(_printf_f.o)(.ARM.Collect$$_printf_percent$$00000003))
<BR><BR>[Stack]<UL><LI>Max Depth = 324 + Unknown Stack Size
<LI>Call Chain = _printf_f &rArr; _printf_fp_dec &rArr; _printf_fp_dec_real &rArr; _fp_digits &rArr; _btod_etento &rArr; _btod_emul &rArr; _e2e
</UL>
<BR>[Calls]<UL><LI><a href="#[71]">&gt;&gt;</a>&nbsp;&nbsp;&nbsp;_printf_fp_dec
</UL>

<P><STRONG><a name="[72]"></a>_printf_e</STRONG> (Thumb, 0 bytes, Stack size unknown bytes, C:\Logiciels_GE1\Keil_v5\ARM\ARMCC\Bin\..\lib\armlib\c_w.l(_printf_e.o)(.ARM.Collect$$_printf_percent$$00000004))
<BR><BR>[Stack]<UL><LI>Max Depth = 324 + Unknown Stack Size
<LI>Call Chain = _printf_e &rArr; _printf_fp_dec &rArr; _printf_fp_dec_real &rArr; _fp_digits &rArr; _btod_etento &rArr; _btod_emul &rArr; _e2e
</UL>
<BR>[Calls]<UL><LI><a href="#[71]">&gt;&gt;</a>&nbsp;&nbsp;&nbsp;_printf_fp_dec
</UL>

<P><STRONG><a name="[73]"></a>_printf_g</STRONG> (Thumb, 0 bytes, Stack size unknown bytes, C:\Logiciels_GE1\Keil_v5\ARM\ARMCC\Bin\..\lib\armlib\c_w.l(_printf_g.o)(.ARM.Collect$$_printf_percent$$00000005))
<BR><BR>[Stack]<UL><LI>Max Depth = 324 + Unknown Stack Size
<LI>Call Chain = _printf_g &rArr; _printf_fp_dec &rArr; _printf_fp_dec_real &rArr; _fp_digits &rArr; _btod_etento &rArr; _btod_emul &rArr; _e2e
</UL>
<BR>[Calls]<UL><LI><a href="#[71]">&gt;&gt;</a>&nbsp;&nbsp;&nbsp;_printf_fp_dec
</UL>

<P><STRONG><a name="[74]"></a>_printf_a</STRONG> (Thumb, 0 bytes, Stack size unknown bytes, C:\Logiciels_GE1\Keil_v5\ARM\ARMCC\Bin\..\lib\armlib\c_w.l(_printf_a.o)(.ARM.Collect$$_printf_percent$$00000006))
<BR><BR>[Stack]<UL><LI>Max Depth = 112 + Unknown Stack Size
<LI>Call Chain = _printf_a &rArr; _printf_fp_hex &rArr; _printf_fp_hex_real &rArr; _printf_fp_infnan &rArr; _printf_post_padding
</UL>
<BR>[Calls]<UL><LI><a href="#[75]">&gt;&gt;</a>&nbsp;&nbsp;&nbsp;_printf_fp_hex
</UL>

<P><STRONG><a name="[18e]"></a>_printf_ll</STRONG> (Thumb, 0 bytes, Stack size unknown bytes, C:\Logiciels_GE1\Keil_v5\ARM\ARMCC\Bin\..\lib\armlib\c_w.l(_printf_ll.o)(.ARM.Collect$$_printf_percent$$00000007))

<P><STRONG><a name="[76]"></a>_printf_i</STRONG> (Thumb, 0 bytes, Stack size unknown bytes, C:\Logiciels_GE1\Keil_v5\ARM\ARMCC\Bin\..\lib\armlib\c_w.l(_printf_i.o)(.ARM.Collect$$_printf_percent$$00000008))
<BR><BR>[Stack]<UL><LI>Max Depth = 72 + Unknown Stack Size
<LI>Call Chain = _printf_i &rArr; _printf_int_dec &rArr; _printf_int_common &rArr; _printf_post_padding
</UL>
<BR>[Calls]<UL><LI><a href="#[77]">&gt;&gt;</a>&nbsp;&nbsp;&nbsp;_printf_int_dec
</UL>

<P><STRONG><a name="[78]"></a>_printf_d</STRONG> (Thumb, 0 bytes, Stack size unknown bytes, C:\Logiciels_GE1\Keil_v5\ARM\ARMCC\Bin\..\lib\armlib\c_w.l(_printf_d.o)(.ARM.Collect$$_printf_percent$$00000009))
<BR><BR>[Stack]<UL><LI>Max Depth = 72 + Unknown Stack Size
<LI>Call Chain = _printf_d &rArr; _printf_int_dec &rArr; _printf_int_common &rArr; _printf_post_padding
</UL>
<BR>[Calls]<UL><LI><a href="#[77]">&gt;&gt;</a>&nbsp;&nbsp;&nbsp;_printf_int_dec
</UL>

<P><STRONG><a name="[79]"></a>_printf_u</STRONG> (Thumb, 0 bytes, Stack size unknown bytes, C:\Logiciels_GE1\Keil_v5\ARM\ARMCC\Bin\..\lib\armlib\c_w.l(_printf_u.o)(.ARM.Collect$$_printf_percent$$0000000A))
<BR><BR>[Stack]<UL><LI>Max Depth = 72 + Unknown Stack Size
<LI>Call Chain = _printf_u &rArr; _printf_int_dec &rArr; _printf_int_common &rArr; _printf_post_padding
</UL>
<BR>[Calls]<UL><LI><a href="#[77]">&gt;&gt;</a>&nbsp;&nbsp;&nbsp;_printf_int_dec
</UL>

<P><STRONG><a name="[7a]"></a>_printf_o</STRONG> (Thumb, 0 bytes, Stack size unknown bytes, C:\Logiciels_GE1\Keil_v5\ARM\ARMCC\Bin\..\lib\armlib\c_w.l(_printf_o.o)(.ARM.Collect$$_printf_percent$$0000000B))
<BR><BR>[Stack]<UL><LI>Max Depth = 64 + Unknown Stack Size
<LI>Call Chain = _printf_o &rArr; _printf_int_oct &rArr; _printf_longlong_oct &rArr; _printf_int_common &rArr; _printf_post_padding
</UL>
<BR>[Calls]<UL><LI><a href="#[7b]">&gt;&gt;</a>&nbsp;&nbsp;&nbsp;_printf_int_oct
</UL>

<P><STRONG><a name="[7c]"></a>_printf_x</STRONG> (Thumb, 0 bytes, Stack size unknown bytes, C:\Logiciels_GE1\Keil_v5\ARM\ARMCC\Bin\..\lib\armlib\c_w.l(_printf_x.o)(.ARM.Collect$$_printf_percent$$0000000C))
<BR><BR>[Stack]<UL><LI>Max Depth = 80 + Unknown Stack Size
<LI>Call Chain = _printf_x &rArr; _printf_int_hex &rArr; _printf_longlong_hex &rArr; _printf_int_common &rArr; _printf_post_padding
</UL>
<BR>[Calls]<UL><LI><a href="#[7d]">&gt;&gt;</a>&nbsp;&nbsp;&nbsp;_printf_int_hex
</UL>

<P><STRONG><a name="[7e]"></a>_printf_lli</STRONG> (Thumb, 0 bytes, Stack size unknown bytes, C:\Logiciels_GE1\Keil_v5\ARM\ARMCC\Bin\..\lib\armlib\c_w.l(_printf_lli.o)(.ARM.Collect$$_printf_percent$$0000000D))
<BR><BR>[Stack]<UL><LI>Max Depth = 72 + Unknown Stack Size
<LI>Call Chain = _printf_lli &rArr; _printf_longlong_dec &rArr; _printf_int_common &rArr; _printf_post_padding
</UL>
<BR>[Calls]<UL><LI><a href="#[7f]">&gt;&gt;</a>&nbsp;&nbsp;&nbsp;_printf_longlong_dec
</UL>

<P><STRONG><a name="[80]"></a>_printf_lld</STRONG> (Thumb, 0 bytes, Stack size unknown bytes, C:\Logiciels_GE1\Keil_v5\ARM\ARMCC\Bin\..\lib\armlib\c_w.l(_printf_lld.o)(.ARM.Collect$$_printf_percent$$0000000E))
<BR><BR>[Stack]<UL><LI>Max Depth = 72 + Unknown Stack Size
<LI>Call Chain = _printf_lld &rArr; _printf_longlong_dec &rArr; _printf_int_common &rArr; _printf_post_padding
</UL>
<BR>[Calls]<UL><LI><a href="#[7f]">&gt;&gt;</a>&nbsp;&nbsp;&nbsp;_printf_longlong_dec
</UL>

<P><STRONG><a name="[81]"></a>_printf_llu</STRONG> (Thumb, 0 bytes, Stack size unknown bytes, C:\Logiciels_GE1\Keil_v5\ARM\ARMCC\Bin\..\lib\armlib\c_w.l(_printf_llu.o)(.ARM.Collect$$_printf_percent$$0000000F))
<BR><BR>[Stack]<UL><LI>Max Depth = 72 + Unknown Stack Size
<LI>Call Chain = _printf_llu &rArr; _printf_longlong_dec &rArr; _printf_int_common &rArr; _printf_post_padding
</UL>
<BR>[Calls]<UL><LI><a href="#[7f]">&gt;&gt;</a>&nbsp;&nbsp;&nbsp;_printf_longlong_dec
</UL>

<P><STRONG><a name="[82]"></a>_printf_llo</STRONG> (Thumb, 0 bytes, Stack size unknown bytes, C:\Logiciels_GE1\Keil_v5\ARM\ARMCC\Bin\..\lib\armlib\c_w.l(_printf_llo.o)(.ARM.Collect$$_printf_percent$$00000010))
<BR><BR>[Stack]<UL><LI>Max Depth = 56 + Unknown Stack Size
<LI>Call Chain = _printf_llo &rArr; _printf_ll_oct &rArr; _printf_longlong_oct &rArr; _printf_int_common &rArr; _printf_post_padding
</UL>
<BR>[Calls]<UL><LI><a href="#[83]">&gt;&gt;</a>&nbsp;&nbsp;&nbsp;_printf_ll_oct
</UL>

<P><STRONG><a name="[84]"></a>_printf_llx</STRONG> (Thumb, 0 bytes, Stack size unknown bytes, C:\Logiciels_GE1\Keil_v5\ARM\ARMCC\Bin\..\lib\armlib\c_w.l(_printf_llx.o)(.ARM.Collect$$_printf_percent$$00000011))
<BR><BR>[Stack]<UL><LI>Max Depth = 64 + Unknown Stack Size
<LI>Call Chain = _printf_llx &rArr; _printf_ll_hex &rArr; _printf_longlong_hex &rArr; _printf_int_common &rArr; _printf_post_padding
</UL>
<BR>[Calls]<UL><LI><a href="#[85]">&gt;&gt;</a>&nbsp;&nbsp;&nbsp;_printf_ll_hex
</UL>

<P><STRONG><a name="[18f]"></a>_printf_l</STRONG> (Thumb, 0 bytes, Stack size unknown bytes, C:\Logiciels_GE1\Keil_v5\ARM\ARMCC\Bin\..\lib\armlib\c_w.l(_printf_l.o)(.ARM.Collect$$_printf_percent$$00000012))

<P><STRONG><a name="[86]"></a>_printf_c</STRONG> (Thumb, 0 bytes, Stack size unknown bytes, C:\Logiciels_GE1\Keil_v5\ARM\ARMCC\Bin\..\lib\armlib\c_w.l(_printf_c.o)(.ARM.Collect$$_printf_percent$$00000013))
<BR><BR>[Stack]<UL><LI>Max Depth = 40 + Unknown Stack Size
<LI>Call Chain = _printf_c &rArr; _printf_char &rArr; _printf_cs_common &rArr; _printf_str &rArr; _printf_post_padding
</UL>
<BR>[Calls]<UL><LI><a href="#[87]">&gt;&gt;</a>&nbsp;&nbsp;&nbsp;_printf_char
</UL>

<P><STRONG><a name="[88]"></a>_printf_s</STRONG> (Thumb, 0 bytes, Stack size unknown bytes, C:\Logiciels_GE1\Keil_v5\ARM\ARMCC\Bin\..\lib\armlib\c_w.l(_printf_s.o)(.ARM.Collect$$_printf_percent$$00000014))
<BR><BR>[Stack]<UL><LI>Max Depth = 40 + Unknown Stack Size
<LI>Call Chain = _printf_s &rArr; _printf_string &rArr; _printf_cs_common &rArr; _printf_str &rArr; _printf_post_padding
</UL>
<BR>[Calls]<UL><LI><a href="#[89]">&gt;&gt;</a>&nbsp;&nbsp;&nbsp;_printf_string
</UL>

<P><STRONG><a name="[8a]"></a>_printf_lc</STRONG> (Thumb, 0 bytes, Stack size unknown bytes, C:\Logiciels_GE1\Keil_v5\ARM\ARMCC\Bin\..\lib\armlib\c_w.l(_printf_lc.o)(.ARM.Collect$$_printf_percent$$00000015))
<BR><BR>[Stack]<UL><LI>Max Depth = 88 + Unknown Stack Size
<LI>Call Chain = _printf_lc &rArr; _printf_wchar &rArr; _printf_lcs_common &rArr; _printf_wctomb &rArr; _wcrtomb &rArr; __rt_ctype_table
</UL>
<BR>[Calls]<UL><LI><a href="#[8b]">&gt;&gt;</a>&nbsp;&nbsp;&nbsp;_printf_wchar
</UL>

<P><STRONG><a name="[8c]"></a>_printf_ls</STRONG> (Thumb, 0 bytes, Stack size unknown bytes, C:\Logiciels_GE1\Keil_v5\ARM\ARMCC\Bin\..\lib\armlib\c_w.l(_printf_ls.o)(.ARM.Collect$$_printf_percent$$00000016))
<BR><BR>[Stack]<UL><LI>Max Depth = 88 + Unknown Stack Size
<LI>Call Chain = _printf_ls &rArr; _printf_wstring &rArr; _printf_lcs_common &rArr; _printf_wctomb &rArr; _wcrtomb &rArr; __rt_ctype_table
</UL>
<BR>[Calls]<UL><LI><a href="#[8d]">&gt;&gt;</a>&nbsp;&nbsp;&nbsp;_printf_wstring
</UL>

<P><STRONG><a name="[190]"></a>_printf_percent_end</STRONG> (Thumb, 0 bytes, Stack size unknown bytes, C:\Logiciels_GE1\Keil_v5\ARM\ARMCC\Bin\..\lib\armlib\c_w.l(_printf_percent_end.o)(.ARM.Collect$$_printf_percent$$00000017))

<P><STRONG><a name="[9f]"></a>__rt_lib_init</STRONG> (Thumb, 0 bytes, Stack size unknown bytes, C:\Logiciels_GE1\Keil_v5\ARM\ARMCC\Bin\..\lib\armlib\c_w.l(libinit.o)(.ARM.Collect$$libinit$$00000000))
<BR><BR>[Called By]<UL><LI><a href="#[9e]">&gt;&gt;</a>&nbsp;&nbsp;&nbsp;__rt_entry_li
</UL>

<P><STRONG><a name="[8e]"></a>__rt_lib_init_fp_1</STRONG> (Thumb, 0 bytes, Stack size unknown bytes, C:\Logiciels_GE1\Keil_v5\ARM\ARMCC\Bin\..\lib\armlib\c_w.l(libinit2.o)(.ARM.Collect$$libinit$$00000001))
<BR><BR>[Calls]<UL><LI><a href="#[8f]">&gt;&gt;</a>&nbsp;&nbsp;&nbsp;_fp_init
</UL>

<P><STRONG><a name="[90]"></a>__rt_lib_init_heap_2</STRONG> (Thumb, 0 bytes, Stack size unknown bytes, C:\Logiciels_GE1\Keil_v5\ARM\ARMCC\Bin\..\lib\armlib\c_w.l(libinit2.o)(.ARM.Collect$$libinit$$00000005))
<BR><BR>[Stack]<UL><LI>Max Depth = 64 + Unknown Stack Size
<LI>Call Chain = __rt_lib_init_heap_2 &rArr; _init_alloc &rArr; __rt_SIGRTMEM &rArr; __rt_SIGRTMEM_inner &rArr; __default_signal_display &rArr; _ttywrch
</UL>
<BR>[Calls]<UL><LI><a href="#[91]">&gt;&gt;</a>&nbsp;&nbsp;&nbsp;_init_alloc
</UL>

<P><STRONG><a name="[191]"></a>__rt_lib_init_preinit_1</STRONG> (Thumb, 0 bytes, Stack size unknown bytes, C:\Logiciels_GE1\Keil_v5\ARM\ARMCC\Bin\..\lib\armlib\c_w.l(libinit2.o)(.ARM.Collect$$libinit$$00000004))

<P><STRONG><a name="[192]"></a>__rt_lib_init_heap_1</STRONG> (Thumb, 0 bytes, Stack size unknown bytes, C:\Logiciels_GE1\Keil_v5\ARM\ARMCC\Bin\..\lib\armlib\c_w.l(libinit2.o)(.ARM.Collect$$libinit$$0000000A))

<P><STRONG><a name="[92]"></a>__rt_lib_init_lc_common</STRONG> (Thumb, 0 bytes, Stack size unknown bytes, C:\Logiciels_GE1\Keil_v5\ARM\ARMCC\Bin\..\lib\armlib\c_w.l(libinit2.o)(.ARM.Collect$$libinit$$0000000F))
<BR><BR>[Calls]<UL><LI><a href="#[93]">&gt;&gt;</a>&nbsp;&nbsp;&nbsp;__rt_locale
</UL>

<P><STRONG><a name="[193]"></a>__rt_lib_init_rand_1</STRONG> (Thumb, 0 bytes, Stack size unknown bytes, C:\Logiciels_GE1\Keil_v5\ARM\ARMCC\Bin\..\lib\armlib\c_w.l(libinit2.o)(.ARM.Collect$$libinit$$0000000E))

<P><STRONG><a name="[194]"></a>__rt_lib_init_user_alloc_1</STRONG> (Thumb, 0 bytes, Stack size unknown bytes, C:\Logiciels_GE1\Keil_v5\ARM\ARMCC\Bin\..\lib\armlib\c_w.l(libinit2.o)(.ARM.Collect$$libinit$$0000000C))

<P><STRONG><a name="[195]"></a>__rt_lib_init_lc_collate_1</STRONG> (Thumb, 0 bytes, Stack size unknown bytes, C:\Logiciels_GE1\Keil_v5\ARM\ARMCC\Bin\..\lib\armlib\c_w.l(libinit2.o)(.ARM.Collect$$libinit$$00000011))

<P><STRONG><a name="[94]"></a>__rt_lib_init_lc_ctype_2</STRONG> (Thumb, 0 bytes, Stack size unknown bytes, C:\Logiciels_GE1\Keil_v5\ARM\ARMCC\Bin\..\lib\armlib\c_w.l(libinit2.o)(.ARM.Collect$$libinit$$00000012))
<BR><BR>[Stack]<UL><LI>Max Depth = 8 + Unknown Stack Size
<LI>Call Chain = __rt_lib_init_lc_ctype_2 &rArr; _get_lc_ctype
</UL>
<BR>[Calls]<UL><LI><a href="#[49]">&gt;&gt;</a>&nbsp;&nbsp;&nbsp;_get_lc_ctype
</UL>

<P><STRONG><a name="[196]"></a>__rt_lib_init_lc_ctype_1</STRONG> (Thumb, 0 bytes, Stack size unknown bytes, C:\Logiciels_GE1\Keil_v5\ARM\ARMCC\Bin\..\lib\armlib\c_w.l(libinit2.o)(.ARM.Collect$$libinit$$00000013))

<P><STRONG><a name="[197]"></a>__rt_lib_init_lc_monetary_1</STRONG> (Thumb, 0 bytes, Stack size unknown bytes, C:\Logiciels_GE1\Keil_v5\ARM\ARMCC\Bin\..\lib\armlib\c_w.l(libinit2.o)(.ARM.Collect$$libinit$$00000015))

<P><STRONG><a name="[95]"></a>__rt_lib_init_lc_numeric_2</STRONG> (Thumb, 0 bytes, Stack size unknown bytes, C:\Logiciels_GE1\Keil_v5\ARM\ARMCC\Bin\..\lib\armlib\c_w.l(libinit2.o)(.ARM.Collect$$libinit$$00000016))
<BR><BR>[Stack]<UL><LI>Max Depth = 8 + Unknown Stack Size
<LI>Call Chain = __rt_lib_init_lc_numeric_2 &rArr; _get_lc_numeric
</UL>
<BR>[Calls]<UL><LI><a href="#[96]">&gt;&gt;</a>&nbsp;&nbsp;&nbsp;_get_lc_numeric
</UL>

<P><STRONG><a name="[198]"></a>__rt_lib_init_atexit_1</STRONG> (Thumb, 0 bytes, Stack size unknown bytes, C:\Logiciels_GE1\Keil_v5\ARM\ARMCC\Bin\..\lib\armlib\c_w.l(libinit2.o)(.ARM.Collect$$libinit$$0000001B))

<P><STRONG><a name="[199]"></a>__rt_lib_init_clock_1</STRONG> (Thumb, 0 bytes, Stack size unknown bytes, C:\Logiciels_GE1\Keil_v5\ARM\ARMCC\Bin\..\lib\armlib\c_w.l(libinit2.o)(.ARM.Collect$$libinit$$00000021))

<P><STRONG><a name="[19a]"></a>__rt_lib_init_fp_trap_1</STRONG> (Thumb, 0 bytes, Stack size unknown bytes, C:\Logiciels_GE1\Keil_v5\ARM\ARMCC\Bin\..\lib\armlib\c_w.l(libinit2.o)(.ARM.Collect$$libinit$$0000001F))

<P><STRONG><a name="[19b]"></a>__rt_lib_init_getenv_1</STRONG> (Thumb, 0 bytes, Stack size unknown bytes, C:\Logiciels_GE1\Keil_v5\ARM\ARMCC\Bin\..\lib\armlib\c_w.l(libinit2.o)(.ARM.Collect$$libinit$$00000023))

<P><STRONG><a name="[19c]"></a>__rt_lib_init_lc_numeric_1</STRONG> (Thumb, 0 bytes, Stack size unknown bytes, C:\Logiciels_GE1\Keil_v5\ARM\ARMCC\Bin\..\lib\armlib\c_w.l(libinit2.o)(.ARM.Collect$$libinit$$00000017))

<P><STRONG><a name="[19d]"></a>__rt_lib_init_lc_time_1</STRONG> (Thumb, 0 bytes, Stack size unknown bytes, C:\Logiciels_GE1\Keil_v5\ARM\ARMCC\Bin\..\lib\armlib\c_w.l(libinit2.o)(.ARM.Collect$$libinit$$00000019))

<P><STRONG><a name="[19e]"></a>__rt_lib_init_signal_1</STRONG> (Thumb, 0 bytes, Stack size unknown bytes, C:\Logiciels_GE1\Keil_v5\ARM\ARMCC\Bin\..\lib\armlib\c_w.l(libinit2.o)(.ARM.Collect$$libinit$$0000001D))

<P><STRONG><a name="[97]"></a>__rt_lib_init_stdio_2</STRONG> (Thumb, 0 bytes, Stack size unknown bytes, C:\Logiciels_GE1\Keil_v5\ARM\ARMCC\Bin\..\lib\armlib\c_w.l(libinit2.o)(.ARM.Collect$$libinit$$00000024))
<BR><BR>[Stack]<UL><LI>Max Depth = 504 + Unknown Stack Size
<LI>Call Chain = __rt_lib_init_stdio_2 &rArr; _initio &rArr; freopen &rArr; _sys_open &rArr; mbed::FilePath::FilePath(const char*) &rArr; mbed::FileBase::lookup(const char*, unsigned) &rArr; SingletonPtr&lang;PlatformMutex&rang;::operator -&rang;() &rArr; mbed_assert_internal &rArr; mbed_die &rArr; gpio_init_out &rArr; gpio_init &rArr; Set_GPIO_Clock &rArr; error &rArr; mbed_error_vfprintf &rArr;  core_util_critical_section_exit (Cycle)
</UL>
<BR>[Calls]<UL><LI><a href="#[98]">&gt;&gt;</a>&nbsp;&nbsp;&nbsp;_initio
</UL>

<P><STRONG><a name="[19f]"></a>__rt_lib_init_alloca_1</STRONG> (Thumb, 0 bytes, Stack size unknown bytes, C:\Logiciels_GE1\Keil_v5\ARM\ARMCC\Bin\..\lib\armlib\c_w.l(libinit2.o)(.ARM.Collect$$libinit$$0000002E))

<P><STRONG><a name="[1a0]"></a>__rt_lib_init_argv_1</STRONG> (Thumb, 0 bytes, Stack size unknown bytes, C:\Logiciels_GE1\Keil_v5\ARM\ARMCC\Bin\..\lib\armlib\c_w.l(libinit2.o)(.ARM.Collect$$libinit$$0000002C))

<P><STRONG><a name="[99]"></a>__rt_lib_init_cpp_2</STRONG> (Thumb, 0 bytes, Stack size unknown bytes, C:\Logiciels_GE1\Keil_v5\ARM\ARMCC\Bin\..\lib\armlib\c_w.l(libinit2.o)(.ARM.Collect$$libinit$$00000031))
<BR><BR>[Stack]<UL><LI>Max Depth = 16 + Unknown Stack Size
<LI>Call Chain = __rt_lib_init_cpp_2 &rArr; __cpp_initialize__aeabi_
</UL>
<BR>[Calls]<UL><LI><a href="#[67]">&gt;&gt;</a>&nbsp;&nbsp;&nbsp;__cpp_initialize__aeabi_
</UL>

<P><STRONG><a name="[1a1]"></a>__rt_lib_init_exceptions_1</STRONG> (Thumb, 0 bytes, Stack size unknown bytes, C:\Logiciels_GE1\Keil_v5\ARM\ARMCC\Bin\..\lib\armlib\c_w.l(libinit2.o)(.ARM.Collect$$libinit$$00000030))

<P><STRONG><a name="[1a2]"></a>__rt_lib_init_stdio_1</STRONG> (Thumb, 0 bytes, Stack size unknown bytes, C:\Logiciels_GE1\Keil_v5\ARM\ARMCC\Bin\..\lib\armlib\c_w.l(libinit2.o)(.ARM.Collect$$libinit$$00000025))

<P><STRONG><a name="[1a3]"></a>__rt_lib_init_cpp_1</STRONG> (Thumb, 0 bytes, Stack size unknown bytes, C:\Logiciels_GE1\Keil_v5\ARM\ARMCC\Bin\..\lib\armlib\c_w.l(libinit2.o)(.ARM.Collect$$libinit$$00000032))

<P><STRONG><a name="[1a4]"></a>__rt_lib_init_return</STRONG> (Thumb, 0 bytes, Stack size unknown bytes, C:\Logiciels_GE1\Keil_v5\ARM\ARMCC\Bin\..\lib\armlib\c_w.l(libinit2.o)(.ARM.Collect$$libinit$$00000033))

<P><STRONG><a name="[69]"></a>__rt_entry</STRONG> (Thumb, 0 bytes, Stack size unknown bytes, C:\Logiciels_GE1\Keil_v5\ARM\ARMCC\Bin\..\lib\armlib\c_w.l(__rtentry.o)(.ARM.Collect$$rtentry$$00000000))
<BR><BR>[Called By]<UL><LI><a href="#[6a]">&gt;&gt;</a>&nbsp;&nbsp;&nbsp;__scatterload_rt2
<LI><a href="#[66]">&gt;&gt;</a>&nbsp;&nbsp;&nbsp;__main
</UL>

<P><STRONG><a name="[1a5]"></a>__rt_entry_presh_1</STRONG> (Thumb, 0 bytes, Stack size unknown bytes, C:\Logiciels_GE1\Keil_v5\ARM\ARMCC\Bin\..\lib\armlib\c_w.l(__rtentry2.o)(.ARM.Collect$$rtentry$$00000002))

<P><STRONG><a name="[9a]"></a>__rt_entry_sh</STRONG> (Thumb, 0 bytes, Stack size unknown bytes, C:\Logiciels_GE1\Keil_v5\ARM\ARMCC\Bin\..\lib\armlib\c_w.l(__rtentry4.o)(.ARM.Collect$$rtentry$$00000004))
<BR><BR>[Stack]<UL><LI>Max Depth = 8 + Unknown Stack Size
<LI>Call Chain = __rt_entry_sh &rArr; __user_setup_stackheap
</UL>
<BR>[Calls]<UL><LI><a href="#[9b]">&gt;&gt;</a>&nbsp;&nbsp;&nbsp;__user_setup_stackheap
</UL>

<P><STRONG><a name="[1a6]"></a>__rt_lib_shutdown_stdio_2</STRONG> (Thumb, 0 bytes, Stack size unknown bytes, C:\Logiciels_GE1\Keil_v5\ARM\ARMCC\Bin\..\lib\armlib\c_w.l(libshutdown2.o)(.ARM.Collect$$libshutdown$$00000004))

<P><STRONG><a name="[9c]"></a>__rt_entry_postsh_1</STRONG> (Thumb, 0 bytes, Stack size unknown bytes, C:\Logiciels_GE1\Keil_v5\ARM\ARMCC\Bin\..\lib\armlib\c_w.l(__rtentry2.o)(.ARM.Collect$$rtentry$$00000008))
<BR><BR>[Stack]<UL><LI>Max Depth = 180 + Unknown Stack Size
<LI>Call Chain = __rt_entry_postsh_1 &rArr; _platform_post_stackheap_init &rArr; mbed_sdk_init &rArr; SetSysClock &rArr; HAL_RCC_ClockConfig &rArr; HAL_InitTick &rArr; HAL_TIM_OC_Init &rArr; TIM_Base_SetConfig
</UL>
<BR>[Calls]<UL><LI><a href="#[9d]">&gt;&gt;</a>&nbsp;&nbsp;&nbsp;_platform_post_stackheap_init
</UL>

<P><STRONG><a name="[9e]"></a>__rt_entry_li</STRONG> (Thumb, 0 bytes, Stack size unknown bytes, C:\Logiciels_GE1\Keil_v5\ARM\ARMCC\Bin\..\lib\armlib\c_w.l(__rtentry2.o)(.ARM.Collect$$rtentry$$0000000A))
<BR><BR>[Calls]<UL><LI><a href="#[9f]">&gt;&gt;</a>&nbsp;&nbsp;&nbsp;__rt_lib_init
</UL>

<P><STRONG><a name="[a0]"></a>__rt_entry_main</STRONG> (Thumb, 0 bytes, Stack size unknown bytes, C:\Logiciels_GE1\Keil_v5\ARM\ARMCC\Bin\..\lib\armlib\c_w.l(__rtentry2.o)(.ARM.Collect$$rtentry$$0000000D))
<BR><BR>[Stack]<UL><LI>Max Depth = 480 + Unknown Stack Size
<LI>Call Chain = __rt_entry_main &rArr; main &rArr; $Super$$main &rArr; Test() &rArr; mbed::PwmOut::write(float) &rArr; sleep_manager_lock_deep_sleep &rArr; core_util_atomic_incr_u16 &rArr; core_util_critical_section_exit &rArr; mbed_assert_internal &rArr; mbed_die &rArr; gpio_init_out &rArr; gpio_init &rArr; Set_GPIO_Clock &rArr; error &rArr; mbed_error_vfprintf &rArr;  core_util_critical_section_exit (Cycle)
</UL>
<BR>[Calls]<UL><LI><a href="#[a1]">&gt;&gt;</a>&nbsp;&nbsp;&nbsp;main
<LI><a href="#[a2]">&gt;&gt;</a>&nbsp;&nbsp;&nbsp;exit
</UL>

<P><STRONG><a name="[1a7]"></a>__rt_entry_postli_1</STRONG> (Thumb, 0 bytes, Stack size unknown bytes, C:\Logiciels_GE1\Keil_v5\ARM\ARMCC\Bin\..\lib\armlib\c_w.l(__rtentry2.o)(.ARM.Collect$$rtentry$$0000000C))

<P><STRONG><a name="[f]"></a>Reset_Handler</STRONG> (Thumb, 8 bytes, Stack size 0 bytes, mbed/TARGET_NUCLEO_F303K8/TOOLCHAIN_ARM_STD/startup_stm32f303x8.o(.text))
<BR>[Address Reference Count : 1]<UL><LI> startup_stm32f303x8.o(RESET)
</UL>
<P><STRONG><a name="[1a8]"></a>_maybe_terminate_alloc</STRONG> (Thumb, 0 bytes, Stack size 0 bytes, C:\Logiciels_GE1\Keil_v5\ARM\ARMCC\Bin\..\lib\armlib\c_w.l(maybetermalloc1.o)(.emb_text), UNUSED)

<P><STRONG><a name="[10]"></a>NMI_Handler</STRONG> (Thumb, 2 bytes, Stack size 0 bytes, mbed/TARGET_NUCLEO_F303K8/TOOLCHAIN_ARM_STD/startup_stm32f303x8.o(.text))
<BR><BR>[Calls]<UL><LI><a href="#[10]">&gt;&gt;</a>&nbsp;&nbsp;&nbsp;NMI_Handler
</UL>
<BR>[Called By]<UL><LI><a href="#[10]">&gt;&gt;</a>&nbsp;&nbsp;&nbsp;NMI_Handler
</UL>
<BR>[Address Reference Count : 1]<UL><LI> startup_stm32f303x8.o(RESET)
</UL>
<P><STRONG><a name="[11]"></a>HardFault_Handler</STRONG> (Thumb, 2 bytes, Stack size 0 bytes, mbed/TARGET_NUCLEO_F303K8/TOOLCHAIN_ARM_STD/startup_stm32f303x8.o(.text))
<BR><BR>[Calls]<UL><LI><a href="#[11]">&gt;&gt;</a>&nbsp;&nbsp;&nbsp;HardFault_Handler
</UL>
<BR>[Called By]<UL><LI><a href="#[11]">&gt;&gt;</a>&nbsp;&nbsp;&nbsp;HardFault_Handler
</UL>
<BR>[Address Reference Count : 1]<UL><LI> startup_stm32f303x8.o(RESET)
</UL>
<P><STRONG><a name="[12]"></a>MemManage_Handler</STRONG> (Thumb, 2 bytes, Stack size 0 bytes, mbed/TARGET_NUCLEO_F303K8/TOOLCHAIN_ARM_STD/startup_stm32f303x8.o(.text))
<BR><BR>[Calls]<UL><LI><a href="#[12]">&gt;&gt;</a>&nbsp;&nbsp;&nbsp;MemManage_Handler
</UL>
<BR>[Called By]<UL><LI><a href="#[12]">&gt;&gt;</a>&nbsp;&nbsp;&nbsp;MemManage_Handler
</UL>
<BR>[Address Reference Count : 1]<UL><LI> startup_stm32f303x8.o(RESET)
</UL>
<P><STRONG><a name="[13]"></a>BusFault_Handler</STRONG> (Thumb, 2 bytes, Stack size 0 bytes, mbed/TARGET_NUCLEO_F303K8/TOOLCHAIN_ARM_STD/startup_stm32f303x8.o(.text))
<BR><BR>[Calls]<UL><LI><a href="#[13]">&gt;&gt;</a>&nbsp;&nbsp;&nbsp;BusFault_Handler
</UL>
<BR>[Called By]<UL><LI><a href="#[13]">&gt;&gt;</a>&nbsp;&nbsp;&nbsp;BusFault_Handler
</UL>
<BR>[Address Reference Count : 1]<UL><LI> startup_stm32f303x8.o(RESET)
</UL>
<P><STRONG><a name="[14]"></a>UsageFault_Handler</STRONG> (Thumb, 2 bytes, Stack size 0 bytes, mbed/TARGET_NUCLEO_F303K8/TOOLCHAIN_ARM_STD/startup_stm32f303x8.o(.text))
<BR><BR>[Calls]<UL><LI><a href="#[14]">&gt;&gt;</a>&nbsp;&nbsp;&nbsp;UsageFault_Handler
</UL>
<BR>[Called By]<UL><LI><a href="#[14]">&gt;&gt;</a>&nbsp;&nbsp;&nbsp;UsageFault_Handler
</UL>
<BR>[Address Reference Count : 1]<UL><LI> startup_stm32f303x8.o(RESET)
</UL>
<P><STRONG><a name="[15]"></a>SVC_Handler</STRONG> (Thumb, 2 bytes, Stack size 0 bytes, mbed/TARGET_NUCLEO_F303K8/TOOLCHAIN_ARM_STD/startup_stm32f303x8.o(.text))
<BR><BR>[Calls]<UL><LI><a href="#[15]">&gt;&gt;</a>&nbsp;&nbsp;&nbsp;SVC_Handler
</UL>
<BR>[Called By]<UL><LI><a href="#[15]">&gt;&gt;</a>&nbsp;&nbsp;&nbsp;SVC_Handler
</UL>
<BR>[Address Reference Count : 1]<UL><LI> startup_stm32f303x8.o(RESET)
</UL>
<P><STRONG><a name="[16]"></a>DebugMon_Handler</STRONG> (Thumb, 2 bytes, Stack size 0 bytes, mbed/TARGET_NUCLEO_F303K8/TOOLCHAIN_ARM_STD/startup_stm32f303x8.o(.text))
<BR><BR>[Calls]<UL><LI><a href="#[16]">&gt;&gt;</a>&nbsp;&nbsp;&nbsp;DebugMon_Handler
</UL>
<BR>[Called By]<UL><LI><a href="#[16]">&gt;&gt;</a>&nbsp;&nbsp;&nbsp;DebugMon_Handler
</UL>
<BR>[Address Reference Count : 1]<UL><LI> startup_stm32f303x8.o(RESET)
</UL>
<P><STRONG><a name="[17]"></a>PendSV_Handler</STRONG> (Thumb, 2 bytes, Stack size 0 bytes, mbed/TARGET_NUCLEO_F303K8/TOOLCHAIN_ARM_STD/startup_stm32f303x8.o(.text))
<BR><BR>[Calls]<UL><LI><a href="#[17]">&gt;&gt;</a>&nbsp;&nbsp;&nbsp;PendSV_Handler
</UL>
<BR>[Called By]<UL><LI><a href="#[17]">&gt;&gt;</a>&nbsp;&nbsp;&nbsp;PendSV_Handler
</UL>
<BR>[Address Reference Count : 1]<UL><LI> startup_stm32f303x8.o(RESET)
</UL>
<P><STRONG><a name="[18]"></a>SysTick_Handler</STRONG> (Thumb, 2 bytes, Stack size 0 bytes, mbed/TARGET_NUCLEO_F303K8/TOOLCHAIN_ARM_STD/startup_stm32f303x8.o(.text))
<BR><BR>[Calls]<UL><LI><a href="#[18]">&gt;&gt;</a>&nbsp;&nbsp;&nbsp;SysTick_Handler
</UL>
<BR>[Called By]<UL><LI><a href="#[18]">&gt;&gt;</a>&nbsp;&nbsp;&nbsp;SysTick_Handler
</UL>
<BR>[Address Reference Count : 1]<UL><LI> startup_stm32f303x8.o(RESET)
</UL>
<P><STRONG><a name="[2b]"></a>ADC1_2_IRQHandler</STRONG> (Thumb, 0 bytes, Stack size 0 bytes, mbed/TARGET_NUCLEO_F303K8/TOOLCHAIN_ARM_STD/startup_stm32f303x8.o(.text))
<BR><BR>[Calls]<UL><LI><a href="#[2b]">&gt;&gt;</a>&nbsp;&nbsp;&nbsp;ADC1_2_IRQHandler
</UL>
<BR>[Called By]<UL><LI><a href="#[2b]">&gt;&gt;</a>&nbsp;&nbsp;&nbsp;ADC1_2_IRQHandler
</UL>
<BR>[Address Reference Count : 1]<UL><LI> startup_stm32f303x8.o(RESET)
</UL>
<P><STRONG><a name="[2e]"></a>CAN_RX1_IRQHandler</STRONG> (Thumb, 0 bytes, Stack size 0 bytes, mbed/TARGET_NUCLEO_F303K8/TOOLCHAIN_ARM_STD/startup_stm32f303x8.o(.text))
<BR>[Address Reference Count : 1]<UL><LI> startup_stm32f303x8.o(RESET)
</UL>
<P><STRONG><a name="[41]"></a>COMP2_IRQHandler</STRONG> (Thumb, 0 bytes, Stack size 0 bytes, mbed/TARGET_NUCLEO_F303K8/TOOLCHAIN_ARM_STD/startup_stm32f303x8.o(.text))
<BR>[Address Reference Count : 1]<UL><LI> startup_stm32f303x8.o(RESET)
</UL>
<P><STRONG><a name="[42]"></a>COMP4_6_IRQHandler</STRONG> (Thumb, 0 bytes, Stack size 0 bytes, mbed/TARGET_NUCLEO_F303K8/TOOLCHAIN_ARM_STD/startup_stm32f303x8.o(.text))
<BR>[Address Reference Count : 1]<UL><LI> startup_stm32f303x8.o(RESET)
</UL>
<P><STRONG><a name="[24]"></a>DMA1_Channel1_IRQHandler</STRONG> (Thumb, 0 bytes, Stack size 0 bytes, mbed/TARGET_NUCLEO_F303K8/TOOLCHAIN_ARM_STD/startup_stm32f303x8.o(.text))
<BR>[Address Reference Count : 1]<UL><LI> startup_stm32f303x8.o(RESET)
</UL>
<P><STRONG><a name="[25]"></a>DMA1_Channel2_IRQHandler</STRONG> (Thumb, 0 bytes, Stack size 0 bytes, mbed/TARGET_NUCLEO_F303K8/TOOLCHAIN_ARM_STD/startup_stm32f303x8.o(.text))
<BR>[Address Reference Count : 1]<UL><LI> startup_stm32f303x8.o(RESET)
</UL>
<P><STRONG><a name="[26]"></a>DMA1_Channel3_IRQHandler</STRONG> (Thumb, 0 bytes, Stack size 0 bytes, mbed/TARGET_NUCLEO_F303K8/TOOLCHAIN_ARM_STD/startup_stm32f303x8.o(.text))
<BR>[Address Reference Count : 1]<UL><LI> startup_stm32f303x8.o(RESET)
</UL>
<P><STRONG><a name="[27]"></a>DMA1_Channel4_IRQHandler</STRONG> (Thumb, 0 bytes, Stack size 0 bytes, mbed/TARGET_NUCLEO_F303K8/TOOLCHAIN_ARM_STD/startup_stm32f303x8.o(.text))
<BR>[Address Reference Count : 1]<UL><LI> startup_stm32f303x8.o(RESET)
</UL>
<P><STRONG><a name="[28]"></a>DMA1_Channel5_IRQHandler</STRONG> (Thumb, 0 bytes, Stack size 0 bytes, mbed/TARGET_NUCLEO_F303K8/TOOLCHAIN_ARM_STD/startup_stm32f303x8.o(.text))
<BR>[Address Reference Count : 1]<UL><LI> startup_stm32f303x8.o(RESET)
</UL>
<P><STRONG><a name="[29]"></a>DMA1_Channel6_IRQHandler</STRONG> (Thumb, 0 bytes, Stack size 0 bytes, mbed/TARGET_NUCLEO_F303K8/TOOLCHAIN_ARM_STD/startup_stm32f303x8.o(.text))
<BR>[Address Reference Count : 1]<UL><LI> startup_stm32f303x8.o(RESET)
</UL>
<P><STRONG><a name="[2a]"></a>DMA1_Channel7_IRQHandler</STRONG> (Thumb, 0 bytes, Stack size 0 bytes, mbed/TARGET_NUCLEO_F303K8/TOOLCHAIN_ARM_STD/startup_stm32f303x8.o(.text))
<BR>[Address Reference Count : 1]<UL><LI> startup_stm32f303x8.o(RESET)
</UL>
<P><STRONG><a name="[1f]"></a>EXTI0_IRQHandler</STRONG> (Thumb, 0 bytes, Stack size 0 bytes, mbed/TARGET_NUCLEO_F303K8/TOOLCHAIN_ARM_STD/startup_stm32f303x8.o(.text))
<BR>[Address Reference Count : 1]<UL><LI> startup_stm32f303x8.o(RESET)
</UL>
<P><STRONG><a name="[3d]"></a>EXTI15_10_IRQHandler</STRONG> (Thumb, 0 bytes, Stack size 0 bytes, mbed/TARGET_NUCLEO_F303K8/TOOLCHAIN_ARM_STD/startup_stm32f303x8.o(.text))
<BR>[Address Reference Count : 1]<UL><LI> startup_stm32f303x8.o(RESET)
</UL>
<P><STRONG><a name="[20]"></a>EXTI1_IRQHandler</STRONG> (Thumb, 0 bytes, Stack size 0 bytes, mbed/TARGET_NUCLEO_F303K8/TOOLCHAIN_ARM_STD/startup_stm32f303x8.o(.text))
<BR>[Address Reference Count : 1]<UL><LI> startup_stm32f303x8.o(RESET)
</UL>
<P><STRONG><a name="[21]"></a>EXTI2_TSC_IRQHandler</STRONG> (Thumb, 0 bytes, Stack size 0 bytes, mbed/TARGET_NUCLEO_F303K8/TOOLCHAIN_ARM_STD/startup_stm32f303x8.o(.text))
<BR>[Address Reference Count : 1]<UL><LI> startup_stm32f303x8.o(RESET)
</UL>
<P><STRONG><a name="[22]"></a>EXTI3_IRQHandler</STRONG> (Thumb, 0 bytes, Stack size 0 bytes, mbed/TARGET_NUCLEO_F303K8/TOOLCHAIN_ARM_STD/startup_stm32f303x8.o(.text))
<BR>[Address Reference Count : 1]<UL><LI> startup_stm32f303x8.o(RESET)
</UL>
<P><STRONG><a name="[23]"></a>EXTI4_IRQHandler</STRONG> (Thumb, 0 bytes, Stack size 0 bytes, mbed/TARGET_NUCLEO_F303K8/TOOLCHAIN_ARM_STD/startup_stm32f303x8.o(.text))
<BR>[Address Reference Count : 1]<UL><LI> startup_stm32f303x8.o(RESET)
</UL>
<P><STRONG><a name="[30]"></a>EXTI9_5_IRQHandler</STRONG> (Thumb, 0 bytes, Stack size 0 bytes, mbed/TARGET_NUCLEO_F303K8/TOOLCHAIN_ARM_STD/startup_stm32f303x8.o(.text))
<BR>[Address Reference Count : 1]<UL><LI> startup_stm32f303x8.o(RESET)
</UL>
<P><STRONG><a name="[1d]"></a>FLASH_IRQHandler</STRONG> (Thumb, 0 bytes, Stack size 0 bytes, mbed/TARGET_NUCLEO_F303K8/TOOLCHAIN_ARM_STD/startup_stm32f303x8.o(.text))
<BR>[Address Reference Count : 1]<UL><LI> startup_stm32f303x8.o(RESET)
</UL>
<P><STRONG><a name="[43]"></a>FPU_IRQHandler</STRONG> (Thumb, 0 bytes, Stack size 0 bytes, mbed/TARGET_NUCLEO_F303K8/TOOLCHAIN_ARM_STD/startup_stm32f303x8.o(.text))
<BR>[Address Reference Count : 1]<UL><LI> startup_stm32f303x8.o(RESET)
</UL>
<P><STRONG><a name="[38]"></a>I2C1_ER_IRQHandler</STRONG> (Thumb, 0 bytes, Stack size 0 bytes, mbed/TARGET_NUCLEO_F303K8/TOOLCHAIN_ARM_STD/startup_stm32f303x8.o(.text))
<BR>[Address Reference Count : 1]<UL><LI> startup_stm32f303x8.o(RESET)
</UL>
<P><STRONG><a name="[37]"></a>I2C1_EV_IRQHandler</STRONG> (Thumb, 0 bytes, Stack size 0 bytes, mbed/TARGET_NUCLEO_F303K8/TOOLCHAIN_ARM_STD/startup_stm32f303x8.o(.text))
<BR>[Address Reference Count : 1]<UL><LI> startup_stm32f303x8.o(RESET)
</UL>
<P><STRONG><a name="[1a]"></a>PVD_IRQHandler</STRONG> (Thumb, 0 bytes, Stack size 0 bytes, mbed/TARGET_NUCLEO_F303K8/TOOLCHAIN_ARM_STD/startup_stm32f303x8.o(.text))
<BR>[Address Reference Count : 1]<UL><LI> startup_stm32f303x8.o(RESET)
</UL>
<P><STRONG><a name="[1e]"></a>RCC_IRQHandler</STRONG> (Thumb, 0 bytes, Stack size 0 bytes, mbed/TARGET_NUCLEO_F303K8/TOOLCHAIN_ARM_STD/startup_stm32f303x8.o(.text))
<BR>[Address Reference Count : 1]<UL><LI> startup_stm32f303x8.o(RESET)
</UL>
<P><STRONG><a name="[3e]"></a>RTC_Alarm_IRQHandler</STRONG> (Thumb, 0 bytes, Stack size 0 bytes, mbed/TARGET_NUCLEO_F303K8/TOOLCHAIN_ARM_STD/startup_stm32f303x8.o(.text))
<BR>[Address Reference Count : 1]<UL><LI> startup_stm32f303x8.o(RESET)
</UL>
<P><STRONG><a name="[1c]"></a>RTC_WKUP_IRQHandler</STRONG> (Thumb, 0 bytes, Stack size 0 bytes, mbed/TARGET_NUCLEO_F303K8/TOOLCHAIN_ARM_STD/startup_stm32f303x8.o(.text))
<BR>[Address Reference Count : 1]<UL><LI> startup_stm32f303x8.o(RESET)
</UL>
<P><STRONG><a name="[39]"></a>SPI1_IRQHandler</STRONG> (Thumb, 0 bytes, Stack size 0 bytes, mbed/TARGET_NUCLEO_F303K8/TOOLCHAIN_ARM_STD/startup_stm32f303x8.o(.text))
<BR>[Address Reference Count : 1]<UL><LI> startup_stm32f303x8.o(RESET)
</UL>
<P><STRONG><a name="[1b]"></a>TAMP_STAMP_IRQHandler</STRONG> (Thumb, 0 bytes, Stack size 0 bytes, mbed/TARGET_NUCLEO_F303K8/TOOLCHAIN_ARM_STD/startup_stm32f303x8.o(.text))
<BR>[Address Reference Count : 1]<UL><LI> startup_stm32f303x8.o(RESET)
</UL>
<P><STRONG><a name="[31]"></a>TIM1_BRK_TIM15_IRQHandler</STRONG> (Thumb, 0 bytes, Stack size 0 bytes, mbed/TARGET_NUCLEO_F303K8/TOOLCHAIN_ARM_STD/startup_stm32f303x8.o(.text))
<BR>[Address Reference Count : 1]<UL><LI> startup_stm32f303x8.o(RESET)
</UL>
<P><STRONG><a name="[34]"></a>TIM1_CC_IRQHandler</STRONG> (Thumb, 0 bytes, Stack size 0 bytes, mbed/TARGET_NUCLEO_F303K8/TOOLCHAIN_ARM_STD/startup_stm32f303x8.o(.text))
<BR>[Address Reference Count : 1]<UL><LI> startup_stm32f303x8.o(RESET)
</UL>
<P><STRONG><a name="[33]"></a>TIM1_TRG_COM_TIM17_IRQHandler</STRONG> (Thumb, 0 bytes, Stack size 0 bytes, mbed/TARGET_NUCLEO_F303K8/TOOLCHAIN_ARM_STD/startup_stm32f303x8.o(.text))
<BR>[Address Reference Count : 1]<UL><LI> startup_stm32f303x8.o(RESET)
</UL>
<P><STRONG><a name="[32]"></a>TIM1_UP_TIM16_IRQHandler</STRONG> (Thumb, 0 bytes, Stack size 0 bytes, mbed/TARGET_NUCLEO_F303K8/TOOLCHAIN_ARM_STD/startup_stm32f303x8.o(.text))
<BR>[Address Reference Count : 1]<UL><LI> startup_stm32f303x8.o(RESET)
</UL>
<P><STRONG><a name="[35]"></a>TIM2_IRQHandler</STRONG> (Thumb, 0 bytes, Stack size 0 bytes, mbed/TARGET_NUCLEO_F303K8/TOOLCHAIN_ARM_STD/startup_stm32f303x8.o(.text))
<BR>[Address Reference Count : 1]<UL><LI> startup_stm32f303x8.o(RESET)
</UL>
<P><STRONG><a name="[36]"></a>TIM3_IRQHandler</STRONG> (Thumb, 0 bytes, Stack size 0 bytes, mbed/TARGET_NUCLEO_F303K8/TOOLCHAIN_ARM_STD/startup_stm32f303x8.o(.text))
<BR>[Address Reference Count : 1]<UL><LI> startup_stm32f303x8.o(RESET)
</UL>
<P><STRONG><a name="[3f]"></a>TIM6_DAC1_IRQHandler</STRONG> (Thumb, 0 bytes, Stack size 0 bytes, mbed/TARGET_NUCLEO_F303K8/TOOLCHAIN_ARM_STD/startup_stm32f303x8.o(.text))
<BR>[Address Reference Count : 1]<UL><LI> startup_stm32f303x8.o(RESET)
</UL>
<P><STRONG><a name="[40]"></a>TIM7_DAC2_IRQHandler</STRONG> (Thumb, 0 bytes, Stack size 0 bytes, mbed/TARGET_NUCLEO_F303K8/TOOLCHAIN_ARM_STD/startup_stm32f303x8.o(.text))
<BR>[Address Reference Count : 1]<UL><LI> startup_stm32f303x8.o(RESET)
</UL>
<P><STRONG><a name="[3a]"></a>USART1_IRQHandler</STRONG> (Thumb, 0 bytes, Stack size 0 bytes, mbed/TARGET_NUCLEO_F303K8/TOOLCHAIN_ARM_STD/startup_stm32f303x8.o(.text))
<BR>[Address Reference Count : 1]<UL><LI> startup_stm32f303x8.o(RESET)
</UL>
<P><STRONG><a name="[3b]"></a>USART2_IRQHandler</STRONG> (Thumb, 0 bytes, Stack size 0 bytes, mbed/TARGET_NUCLEO_F303K8/TOOLCHAIN_ARM_STD/startup_stm32f303x8.o(.text))
<BR>[Address Reference Count : 1]<UL><LI> startup_stm32f303x8.o(RESET)
</UL>
<P><STRONG><a name="[3c]"></a>USART3_IRQHandler</STRONG> (Thumb, 0 bytes, Stack size 0 bytes, mbed/TARGET_NUCLEO_F303K8/TOOLCHAIN_ARM_STD/startup_stm32f303x8.o(.text))
<BR>[Address Reference Count : 1]<UL><LI> startup_stm32f303x8.o(RESET)
</UL>
<P><STRONG><a name="[19]"></a>WWDG_IRQHandler</STRONG> (Thumb, 0 bytes, Stack size 0 bytes, mbed/TARGET_NUCLEO_F303K8/TOOLCHAIN_ARM_STD/startup_stm32f303x8.o(.text))
<BR>[Address Reference Count : 1]<UL><LI> startup_stm32f303x8.o(RESET)
</UL>
<P><STRONG><a name="[de]"></a>__aeabi_errno_addr</STRONG> (Thumb, 8 bytes, Stack size 0 bytes, C:\Logiciels_GE1\Keil_v5\ARM\ARMCC\Bin\..\lib\armlib\c_w.l(rt_errno_addr.o)(.text))
<BR><BR>[Called By]<UL><LI><a href="#[cd]">&gt;&gt;</a>&nbsp;&nbsp;&nbsp;_sys_write
<LI><a href="#[cc]">&gt;&gt;</a>&nbsp;&nbsp;&nbsp;_sys_seek
<LI><a href="#[b0]">&gt;&gt;</a>&nbsp;&nbsp;&nbsp;_sys_open
<LI><a href="#[c7]">&gt;&gt;</a>&nbsp;&nbsp;&nbsp;_sys_istty
<LI><a href="#[c9]">&gt;&gt;</a>&nbsp;&nbsp;&nbsp;_sys_flen
<LI><a href="#[d2]">&gt;&gt;</a>&nbsp;&nbsp;&nbsp;_sys_close
<LI><a href="#[c8]">&gt;&gt;</a>&nbsp;&nbsp;&nbsp;_ftell_internal
</UL>

<P><STRONG><a name="[1a9]"></a>__errno</STRONG> (Thumb, 0 bytes, Stack size 0 bytes, C:\Logiciels_GE1\Keil_v5\ARM\ARMCC\Bin\..\lib\armlib\c_w.l(rt_errno_addr.o)(.text), UNUSED)

<P><STRONG><a name="[1aa]"></a>__rt_errno_addr</STRONG> (Thumb, 0 bytes, Stack size 0 bytes, C:\Logiciels_GE1\Keil_v5\ARM\ARMCC\Bin\..\lib\armlib\c_w.l(rt_errno_addr.o)(.text), UNUSED)

<P><STRONG><a name="[a3]"></a>malloc</STRONG> (Thumb, 94 bytes, Stack size 16 bytes, C:\Logiciels_GE1\Keil_v5\ARM\ARMCC\Bin\..\lib\armlib\c_w.l(h1_alloc.o)(.text))
<BR><BR>[Stack]<UL><LI>Max Depth = 48<LI>Call Chain = malloc &rArr; __Heap_Full &rArr; __Heap_ProvideMemory &rArr; free
</UL>
<BR>[Calls]<UL><LI><a href="#[a5]">&gt;&gt;</a>&nbsp;&nbsp;&nbsp;__Heap_Full
<LI><a href="#[a4]">&gt;&gt;</a>&nbsp;&nbsp;&nbsp;__rt_heap_descriptor
</UL>
<BR>[Called By]<UL><LI><a href="#[146]">&gt;&gt;</a>&nbsp;&nbsp;&nbsp;operator new(unsigned)
<LI><a href="#[b1]">&gt;&gt;</a>&nbsp;&nbsp;&nbsp;fopen
</UL>

<P><STRONG><a name="[a6]"></a>free</STRONG> (Thumb, 78 bytes, Stack size 16 bytes, C:\Logiciels_GE1\Keil_v5\ARM\ARMCC\Bin\..\lib\armlib\c_w.l(h1_free.o)(.text))
<BR><BR>[Stack]<UL><LI>Max Depth = 16<LI>Call Chain = free
</UL>
<BR>[Calls]<UL><LI><a href="#[a4]">&gt;&gt;</a>&nbsp;&nbsp;&nbsp;__rt_heap_descriptor
</UL>
<BR>[Called By]<UL><LI><a href="#[148]">&gt;&gt;</a>&nbsp;&nbsp;&nbsp;operator delete (void*)
<LI><a href="#[b4]">&gt;&gt;</a>&nbsp;&nbsp;&nbsp;__Heap_ProvideMemory
<LI><a href="#[af]">&gt;&gt;</a>&nbsp;&nbsp;&nbsp;_fclose_internal
<LI><a href="#[d1]">&gt;&gt;</a>&nbsp;&nbsp;&nbsp;_terminateio
</UL>

<P><STRONG><a name="[a7]"></a>vsnprintf</STRONG> (Thumb, 48 bytes, Stack size 24 bytes, C:\Logiciels_GE1\Keil_v5\ARM\ARMCC\Bin\..\lib\armlib\c_w.l(vsnprintf.o)(.text))
<BR><BR>[Stack]<UL><LI>Max Depth = 128 + Unknown Stack Size
<LI>Call Chain = vsnprintf &rArr; _printf_char_common &rArr; __printf
</UL>
<BR>[Calls]<UL><LI><a href="#[47]">&gt;&gt;</a>&nbsp;&nbsp;&nbsp;_sputc
<LI><a href="#[a8]">&gt;&gt;</a>&nbsp;&nbsp;&nbsp;_printf_char_common
</UL>
<BR>[Called By]<UL><LI><a href="#[171]">&gt;&gt;</a>&nbsp;&nbsp;&nbsp;mbed_error_vfprintf
<LI><a href="#[178]">&gt;&gt;</a>&nbsp;&nbsp;&nbsp;mbed_error_printf
</UL>

<P><STRONG><a name="[a9]"></a>__c89vsprintf</STRONG> (Thumb, 32 bytes, Stack size 16 bytes, C:\Logiciels_GE1\Keil_v5\ARM\ARMCC\Bin\..\lib\armlib\c_w.l(c89vsprintf.o)(.text))
<BR><BR>[Stack]<UL><LI>Max Depth = 120 + Unknown Stack Size
<LI>Call Chain = __c89vsprintf &rArr; _printf_char_common &rArr; __printf
</UL>
<BR>[Calls]<UL><LI><a href="#[47]">&gt;&gt;</a>&nbsp;&nbsp;&nbsp;_sputc
<LI><a href="#[a8]">&gt;&gt;</a>&nbsp;&nbsp;&nbsp;_printf_char_common
</UL>
<BR>[Called By]<UL><LI><a href="#[120]">&gt;&gt;</a>&nbsp;&nbsp;&nbsp;IHM::LCD_printf(const char*, ...)
</UL>

<P><STRONG><a name="[aa]"></a>_do_fflush</STRONG> (Thumb, 54 bytes, Stack size 16 bytes, C:\Logiciels_GE1\Keil_v5\ARM\ARMCC\Bin\..\lib\armlib\c_w.l(fflush.o)(.text))
<BR><BR>[Stack]<UL><LI>Max Depth = 176<LI>Call Chain = _do_fflush &rArr; _fflush &rArr; _writebuf &rArr; _sys_write &rArr; serial_init &rArr;  mbed_assert_internal (Cycle)
</UL>
<BR>[Calls]<UL><LI><a href="#[ab]">&gt;&gt;</a>&nbsp;&nbsp;&nbsp;_fflush
<LI><a href="#[ac]">&gt;&gt;</a>&nbsp;&nbsp;&nbsp;_fseek
</UL>
<BR>[Called By]<UL><LI><a href="#[ad]">&gt;&gt;</a>&nbsp;&nbsp;&nbsp;fflush
</UL>

<P><STRONG><a name="[ad]"></a>fflush</STRONG> (Thumb, 42 bytes, Stack size 16 bytes, C:\Logiciels_GE1\Keil_v5\ARM\ARMCC\Bin\..\lib\armlib\c_w.l(fflush.o)(.text))
<BR><BR>[Stack]<UL><LI>Max Depth = 192<LI>Call Chain = fflush &rArr; _do_fflush &rArr; _fflush &rArr; _writebuf &rArr; _sys_write &rArr; serial_init &rArr;  mbed_assert_internal (Cycle)
</UL>
<BR>[Calls]<UL><LI><a href="#[aa]">&gt;&gt;</a>&nbsp;&nbsp;&nbsp;_do_fflush
</UL>
<BR>[Called By]<UL><LI><a href="#[a2]">&gt;&gt;</a>&nbsp;&nbsp;&nbsp;exit
</UL>

<P><STRONG><a name="[ae]"></a>freopen</STRONG> (Thumb, 158 bytes, Stack size 24 bytes, C:\Logiciels_GE1\Keil_v5\ARM\ARMCC\Bin\..\lib\armlib\c_w.l(fopen.o)(.text))
<BR><BR>[Stack]<UL><LI>Max Depth = 496 + Unknown Stack Size
<LI>Call Chain = freopen &rArr; _sys_open &rArr; mbed::FilePath::FilePath(const char*) &rArr; mbed::FileBase::lookup(const char*, unsigned) &rArr; SingletonPtr&lang;PlatformMutex&rang;::operator -&rang;() &rArr; mbed_assert_internal &rArr; mbed_die &rArr; gpio_init_out &rArr; gpio_init &rArr; Set_GPIO_Clock &rArr; error &rArr; mbed_error_vfprintf &rArr;  core_util_critical_section_exit (Cycle)
</UL>
<BR>[Calls]<UL><LI><a href="#[b0]">&gt;&gt;</a>&nbsp;&nbsp;&nbsp;_sys_open
<LI><a href="#[af]">&gt;&gt;</a>&nbsp;&nbsp;&nbsp;_fclose_internal
<LI><a href="#[ac]">&gt;&gt;</a>&nbsp;&nbsp;&nbsp;_fseek
</UL>
<BR>[Called By]<UL><LI><a href="#[b1]">&gt;&gt;</a>&nbsp;&nbsp;&nbsp;fopen
<LI><a href="#[98]">&gt;&gt;</a>&nbsp;&nbsp;&nbsp;_initio
</UL>

<P><STRONG><a name="[b1]"></a>fopen</STRONG> (Thumb, 74 bytes, Stack size 24 bytes, C:\Logiciels_GE1\Keil_v5\ARM\ARMCC\Bin\..\lib\armlib\c_w.l(fopen.o)(.text), UNUSED)
<BR><BR>[Calls]<UL><LI><a href="#[b2]">&gt;&gt;</a>&nbsp;&nbsp;&nbsp;__aeabi_memclr4
<LI><a href="#[ae]">&gt;&gt;</a>&nbsp;&nbsp;&nbsp;freopen
<LI><a href="#[a3]">&gt;&gt;</a>&nbsp;&nbsp;&nbsp;malloc
</UL>

<P><STRONG><a name="[151]"></a>strlen</STRONG> (Thumb, 62 bytes, Stack size 8 bytes, C:\Logiciels_GE1\Keil_v5\ARM\ARMCC\Bin\..\lib\armlib\c_w.l(strlen.o)(.text))
<BR><BR>[Stack]<UL><LI>Max Depth = 8<LI>Call Chain = strlen
</UL>
<BR>[Called By]<UL><LI><a href="#[14f]">&gt;&gt;</a>&nbsp;&nbsp;&nbsp;mbed::FileBase::lookup(const char*, unsigned)
</UL>

<P><STRONG><a name="[150]"></a>strncmp</STRONG> (Thumb, 150 bytes, Stack size 16 bytes, C:\Logiciels_GE1\Keil_v5\ARM\ARMCC\Bin\..\lib\armlib\c_w.l(strncmp.o)(.text))
<BR><BR>[Stack]<UL><LI>Max Depth = 16<LI>Call Chain = strncmp
</UL>
<BR>[Called By]<UL><LI><a href="#[14f]">&gt;&gt;</a>&nbsp;&nbsp;&nbsp;mbed::FileBase::lookup(const char*, unsigned)
</UL>

<P><STRONG><a name="[15d]"></a>__aeabi_memcpy4</STRONG> (Thumb, 0 bytes, Stack size 8 bytes, C:\Logiciels_GE1\Keil_v5\ARM\ARMCC\Bin\..\lib\armlib\c_w.l(rt_memcpy_w.o)(.text))
<BR><BR>[Stack]<UL><LI>Max Depth = 8<LI>Call Chain = __aeabi_memcpy4
</UL>
<BR>[Called By]<UL><LI><a href="#[9d]">&gt;&gt;</a>&nbsp;&nbsp;&nbsp;_platform_post_stackheap_init
</UL>

<P><STRONG><a name="[1ab]"></a>__aeabi_memcpy8</STRONG> (Thumb, 0 bytes, Stack size 8 bytes, C:\Logiciels_GE1\Keil_v5\ARM\ARMCC\Bin\..\lib\armlib\c_w.l(rt_memcpy_w.o)(.text), UNUSED)

<P><STRONG><a name="[1ac]"></a>__rt_memcpy_w</STRONG> (Thumb, 100 bytes, Stack size 8 bytes, C:\Logiciels_GE1\Keil_v5\ARM\ARMCC\Bin\..\lib\armlib\c_w.l(rt_memcpy_w.o)(.text), UNUSED)

<P><STRONG><a name="[1ad]"></a>_memcpy_lastbytes_aligned</STRONG> (Thumb, 0 bytes, Stack size unknown bytes, C:\Logiciels_GE1\Keil_v5\ARM\ARMCC\Bin\..\lib\armlib\c_w.l(rt_memcpy_w.o)(.text), UNUSED)

<P><STRONG><a name="[b2]"></a>__aeabi_memclr4</STRONG> (Thumb, 0 bytes, Stack size 4 bytes, C:\Logiciels_GE1\Keil_v5\ARM\ARMCC\Bin\..\lib\armlib\c_w.l(rt_memclr_w.o)(.text))
<BR><BR>[Stack]<UL><LI>Max Depth = 4<LI>Call Chain = __aeabi_memclr4
</UL>
<BR>[Called By]<UL><LI><a href="#[158]">&gt;&gt;</a>&nbsp;&nbsp;&nbsp;mbed::DigitalIn::DigitalIn(PinName, PinMode)
<LI><a href="#[12e]">&gt;&gt;</a>&nbsp;&nbsp;&nbsp;mbed::CAN::CAN(PinName, PinName)
<LI><a href="#[b1]">&gt;&gt;</a>&nbsp;&nbsp;&nbsp;fopen
<LI><a href="#[af]">&gt;&gt;</a>&nbsp;&nbsp;&nbsp;_fclose_internal
<LI><a href="#[98]">&gt;&gt;</a>&nbsp;&nbsp;&nbsp;_initio
</UL>

<P><STRONG><a name="[1ae]"></a>__aeabi_memclr8</STRONG> (Thumb, 0 bytes, Stack size 4 bytes, C:\Logiciels_GE1\Keil_v5\ARM\ARMCC\Bin\..\lib\armlib\c_w.l(rt_memclr_w.o)(.text), UNUSED)

<P><STRONG><a name="[1af]"></a>__rt_memclr_w</STRONG> (Thumb, 78 bytes, Stack size 4 bytes, C:\Logiciels_GE1\Keil_v5\ARM\ARMCC\Bin\..\lib\armlib\c_w.l(rt_memclr_w.o)(.text), UNUSED)

<P><STRONG><a name="[1b0]"></a>_memset_w</STRONG> (Thumb, 0 bytes, Stack size unknown bytes, C:\Logiciels_GE1\Keil_v5\ARM\ARMCC\Bin\..\lib\armlib\c_w.l(rt_memclr_w.o)(.text), UNUSED)

<P><STRONG><a name="[15f]"></a>strcmp</STRONG> (Thumb, 128 bytes, Stack size 0 bytes, C:\Logiciels_GE1\Keil_v5\ARM\ARMCC\Bin\..\lib\armlib\c_w.l(strcmpv7m.o)(.text))
<BR><BR>[Called By]<UL><LI><a href="#[b0]">&gt;&gt;</a>&nbsp;&nbsp;&nbsp;_sys_open
<LI><a href="#[49]">&gt;&gt;</a>&nbsp;&nbsp;&nbsp;_get_lc_ctype
<LI><a href="#[96]">&gt;&gt;</a>&nbsp;&nbsp;&nbsp;_get_lc_numeric
</UL>

<P><STRONG><a name="[67]"></a>__cpp_initialize__aeabi_</STRONG> (Thumb, 26 bytes, Stack size 16 bytes, C:\Logiciels_GE1\Keil_v5\ARM\ARMCC\Bin\..\lib\armlib\c_w.l(init_aeabi.o)(.text))
<BR><BR>[Stack]<UL><LI>Max Depth = 16<LI>Call Chain = __cpp_initialize__aeabi_
</UL>
<BR>[Called By]<UL><LI><a href="#[99]">&gt;&gt;</a>&nbsp;&nbsp;&nbsp;__rt_lib_init_cpp_2
</UL>

<P><STRONG><a name="[13c]"></a>__aeabi_vec_dtor</STRONG> (Thumb, 34 bytes, Stack size 24 bytes, C:\Logiciels_GE1\Keil_v5\ARM\ARMCC\Bin\..\lib\cpplib\cpprt_w.l(aeabi_vec_dtor_noexceptions.o)(.text))
<BR><BR>[Stack]<UL><LI>Max Depth = 24<LI>Call Chain = __aeabi_vec_dtor
</UL>
<BR>[Called By]<UL><LI><a href="#[5b]">&gt;&gt;</a>&nbsp;&nbsp;&nbsp;mbed::CAN::~CAN()
</UL>

<P><STRONG><a name="[a4]"></a>__rt_heap_descriptor</STRONG> (Thumb, 8 bytes, Stack size 0 bytes, C:\Logiciels_GE1\Keil_v5\ARM\ARMCC\Bin\..\lib\armlib\c_w.l(rt_heap_descriptor.o)(.text))
<BR><BR>[Called By]<UL><LI><a href="#[a6]">&gt;&gt;</a>&nbsp;&nbsp;&nbsp;free
<LI><a href="#[a3]">&gt;&gt;</a>&nbsp;&nbsp;&nbsp;malloc
<LI><a href="#[91]">&gt;&gt;</a>&nbsp;&nbsp;&nbsp;_init_alloc
</UL>

<P><STRONG><a name="[1b1]"></a>__use_no_heap</STRONG> (Thumb, 2 bytes, Stack size 0 bytes, C:\Logiciels_GE1\Keil_v5\ARM\ARMCC\Bin\..\lib\armlib\c_w.l(hguard.o)(.text), UNUSED)

<P><STRONG><a name="[1b2]"></a>__heap$guard</STRONG> (Thumb, 2 bytes, Stack size 0 bytes, C:\Logiciels_GE1\Keil_v5\ARM\ARMCC\Bin\..\lib\armlib\c_w.l(hguard.o)(.text), UNUSED)

<P><STRONG><a name="[a]"></a>_terminate_user_alloc</STRONG> (Thumb, 2 bytes, Stack size 0 bytes, C:\Logiciels_GE1\Keil_v5\ARM\ARMCC\Bin\..\lib\armlib\c_w.l(init_alloc.o)(.text), UNUSED)

<P><STRONG><a name="[6]"></a>_init_user_alloc</STRONG> (Thumb, 2 bytes, Stack size 0 bytes, C:\Logiciels_GE1\Keil_v5\ARM\ARMCC\Bin\..\lib\armlib\c_w.l(init_alloc.o)(.text), UNUSED)

<P><STRONG><a name="[a5]"></a>__Heap_Full</STRONG> (Thumb, 34 bytes, Stack size 16 bytes, C:\Logiciels_GE1\Keil_v5\ARM\ARMCC\Bin\..\lib\armlib\c_w.l(init_alloc.o)(.text))
<BR><BR>[Stack]<UL><LI>Max Depth = 32<LI>Call Chain = __Heap_Full &rArr; __Heap_ProvideMemory &rArr; free
</UL>
<BR>[Calls]<UL><LI><a href="#[b3]">&gt;&gt;</a>&nbsp;&nbsp;&nbsp;__rt_heap_expand
<LI><a href="#[b4]">&gt;&gt;</a>&nbsp;&nbsp;&nbsp;__Heap_ProvideMemory
</UL>
<BR>[Called By]<UL><LI><a href="#[a3]">&gt;&gt;</a>&nbsp;&nbsp;&nbsp;malloc
</UL>

<P><STRONG><a name="[b5]"></a>__Heap_Broken</STRONG> (Thumb, 6 bytes, Stack size 0 bytes, C:\Logiciels_GE1\Keil_v5\ARM\ARMCC\Bin\..\lib\armlib\c_w.l(init_alloc.o)(.text), UNUSED)
<BR><BR>[Calls]<UL><LI><a href="#[b6]">&gt;&gt;</a>&nbsp;&nbsp;&nbsp;__rt_SIGRTMEM
</UL>

<P><STRONG><a name="[91]"></a>_init_alloc</STRONG> (Thumb, 94 bytes, Stack size 24 bytes, C:\Logiciels_GE1\Keil_v5\ARM\ARMCC\Bin\..\lib\armlib\c_w.l(init_alloc.o)(.text))
<BR><BR>[Stack]<UL><LI>Max Depth = 64<LI>Call Chain = _init_alloc &rArr; __rt_SIGRTMEM &rArr; __rt_SIGRTMEM_inner &rArr; __default_signal_display &rArr; _ttywrch
</UL>
<BR>[Calls]<UL><LI><a href="#[b3]">&gt;&gt;</a>&nbsp;&nbsp;&nbsp;__rt_heap_expand
<LI><a href="#[b7]">&gt;&gt;</a>&nbsp;&nbsp;&nbsp;__rt_heap_escrow
<LI><a href="#[b6]">&gt;&gt;</a>&nbsp;&nbsp;&nbsp;__rt_SIGRTMEM
<LI><a href="#[b4]">&gt;&gt;</a>&nbsp;&nbsp;&nbsp;__Heap_ProvideMemory
<LI><a href="#[b8]">&gt;&gt;</a>&nbsp;&nbsp;&nbsp;__Heap_Initialize
<LI><a href="#[a4]">&gt;&gt;</a>&nbsp;&nbsp;&nbsp;__rt_heap_descriptor
</UL>
<BR>[Called By]<UL><LI><a href="#[90]">&gt;&gt;</a>&nbsp;&nbsp;&nbsp;__rt_lib_init_heap_2
</UL>

<P><STRONG><a name="[b8]"></a>__Heap_Initialize</STRONG> (Thumb, 10 bytes, Stack size 0 bytes, C:\Logiciels_GE1\Keil_v5\ARM\ARMCC\Bin\..\lib\armlib\c_w.l(h1_init.o)(.text))
<BR><BR>[Called By]<UL><LI><a href="#[91]">&gt;&gt;</a>&nbsp;&nbsp;&nbsp;_init_alloc
</UL>

<P><STRONG><a name="[5]"></a>__Heap_DescSize</STRONG> (Thumb, 4 bytes, Stack size 0 bytes, C:\Logiciels_GE1\Keil_v5\ARM\ARMCC\Bin\..\lib\armlib\c_w.l(h1_init.o)(.text), UNUSED)

<P><STRONG><a name="[ba]"></a>_printf_pre_padding</STRONG> (Thumb, 44 bytes, Stack size 16 bytes, C:\Logiciels_GE1\Keil_v5\ARM\ARMCC\Bin\..\lib\armlib\c_w.l(_printf_pad.o)(.text))
<BR><BR>[Stack]<UL><LI>Max Depth = 16<LI>Call Chain = _printf_pre_padding
</UL>
<BR>[Called By]<UL><LI><a href="#[da]">&gt;&gt;</a>&nbsp;&nbsp;&nbsp;_printf_fp_infnan
<LI><a href="#[db]">&gt;&gt;</a>&nbsp;&nbsp;&nbsp;_printf_fp_hex_real
<LI><a href="#[d8]">&gt;&gt;</a>&nbsp;&nbsp;&nbsp;_printf_fp_dec_real
<LI><a href="#[be]">&gt;&gt;</a>&nbsp;&nbsp;&nbsp;_printf_int_common
<LI><a href="#[c0]">&gt;&gt;</a>&nbsp;&nbsp;&nbsp;_printf_wctomb
<LI><a href="#[b9]">&gt;&gt;</a>&nbsp;&nbsp;&nbsp;_printf_str
</UL>

<P><STRONG><a name="[bb]"></a>_printf_post_padding</STRONG> (Thumb, 34 bytes, Stack size 16 bytes, C:\Logiciels_GE1\Keil_v5\ARM\ARMCC\Bin\..\lib\armlib\c_w.l(_printf_pad.o)(.text))
<BR><BR>[Stack]<UL><LI>Max Depth = 16<LI>Call Chain = _printf_post_padding
</UL>
<BR>[Called By]<UL><LI><a href="#[da]">&gt;&gt;</a>&nbsp;&nbsp;&nbsp;_printf_fp_infnan
<LI><a href="#[db]">&gt;&gt;</a>&nbsp;&nbsp;&nbsp;_printf_fp_hex_real
<LI><a href="#[d8]">&gt;&gt;</a>&nbsp;&nbsp;&nbsp;_printf_fp_dec_real
<LI><a href="#[be]">&gt;&gt;</a>&nbsp;&nbsp;&nbsp;_printf_int_common
<LI><a href="#[c0]">&gt;&gt;</a>&nbsp;&nbsp;&nbsp;_printf_wctomb
<LI><a href="#[b9]">&gt;&gt;</a>&nbsp;&nbsp;&nbsp;_printf_str
</UL>

<P><STRONG><a name="[bc]"></a>_printf_truncate_signed</STRONG> (Thumb, 18 bytes, Stack size 0 bytes, C:\Logiciels_GE1\Keil_v5\ARM\ARMCC\Bin\..\lib\armlib\c_w.l(_printf_truncate.o)(.text))
<BR><BR>[Called By]<UL><LI><a href="#[77]">&gt;&gt;</a>&nbsp;&nbsp;&nbsp;_printf_int_dec
</UL>

<P><STRONG><a name="[bd]"></a>_printf_truncate_unsigned</STRONG> (Thumb, 18 bytes, Stack size 0 bytes, C:\Logiciels_GE1\Keil_v5\ARM\ARMCC\Bin\..\lib\armlib\c_w.l(_printf_truncate.o)(.text))
<BR><BR>[Called By]<UL><LI><a href="#[7d]">&gt;&gt;</a>&nbsp;&nbsp;&nbsp;_printf_int_hex
<LI><a href="#[7b]">&gt;&gt;</a>&nbsp;&nbsp;&nbsp;_printf_int_oct
<LI><a href="#[77]">&gt;&gt;</a>&nbsp;&nbsp;&nbsp;_printf_int_dec
</UL>

<P><STRONG><a name="[b9]"></a>_printf_str</STRONG> (Thumb, 82 bytes, Stack size 16 bytes, C:\Logiciels_GE1\Keil_v5\ARM\ARMCC\Bin\..\lib\armlib\c_w.l(_printf_str.o)(.text))
<BR><BR>[Stack]<UL><LI>Max Depth = 32<LI>Call Chain = _printf_str &rArr; _printf_post_padding
</UL>
<BR>[Calls]<UL><LI><a href="#[bb]">&gt;&gt;</a>&nbsp;&nbsp;&nbsp;_printf_post_padding
<LI><a href="#[ba]">&gt;&gt;</a>&nbsp;&nbsp;&nbsp;_printf_pre_padding
</UL>
<BR>[Called By]<UL><LI><a href="#[dc]">&gt;&gt;</a>&nbsp;&nbsp;&nbsp;_printf_cs_common
</UL>

<P><STRONG><a name="[77]"></a>_printf_int_dec</STRONG> (Thumb, 104 bytes, Stack size 24 bytes, C:\Logiciels_GE1\Keil_v5\ARM\ARMCC\Bin\..\lib\armlib\c_w.l(_printf_dec.o)(.text))
<BR><BR>[Stack]<UL><LI>Max Depth = 72<LI>Call Chain = _printf_int_dec &rArr; _printf_int_common &rArr; _printf_post_padding
</UL>
<BR>[Calls]<UL><LI><a href="#[be]">&gt;&gt;</a>&nbsp;&nbsp;&nbsp;_printf_int_common
<LI><a href="#[bd]">&gt;&gt;</a>&nbsp;&nbsp;&nbsp;_printf_truncate_unsigned
<LI><a href="#[bc]">&gt;&gt;</a>&nbsp;&nbsp;&nbsp;_printf_truncate_signed
</UL>
<BR>[Called By]<UL><LI><a href="#[79]">&gt;&gt;</a>&nbsp;&nbsp;&nbsp;_printf_u
<LI><a href="#[78]">&gt;&gt;</a>&nbsp;&nbsp;&nbsp;_printf_d
<LI><a href="#[76]">&gt;&gt;</a>&nbsp;&nbsp;&nbsp;_printf_i
</UL>

<P><STRONG><a name="[6d]"></a>_printf_charcount</STRONG> (Thumb, 40 bytes, Stack size 0 bytes, C:\Logiciels_GE1\Keil_v5\ARM\ARMCC\Bin\..\lib\armlib\c_w.l(_printf_charcount.o)(.text))
<BR><BR>[Called By]<UL><LI><a href="#[6c]">&gt;&gt;</a>&nbsp;&nbsp;&nbsp;_printf_n
</UL>

<P><STRONG><a name="[a8]"></a>_printf_char_common</STRONG> (Thumb, 32 bytes, Stack size 64 bytes, C:\Logiciels_GE1\Keil_v5\ARM\ARMCC\Bin\..\lib\armlib\c_w.l(_printf_char_common.o)(.text))
<BR><BR>[Stack]<UL><LI>Max Depth = 104 + Unknown Stack Size
<LI>Call Chain = _printf_char_common &rArr; __printf
</UL>
<BR>[Calls]<UL><LI><a href="#[bf]">&gt;&gt;</a>&nbsp;&nbsp;&nbsp;__printf
</UL>
<BR>[Called By]<UL><LI><a href="#[a9]">&gt;&gt;</a>&nbsp;&nbsp;&nbsp;__c89vsprintf
<LI><a href="#[a7]">&gt;&gt;</a>&nbsp;&nbsp;&nbsp;vsnprintf
</UL>

<P><STRONG><a name="[47]"></a>_sputc</STRONG> (Thumb, 10 bytes, Stack size 0 bytes, C:\Logiciels_GE1\Keil_v5\ARM\ARMCC\Bin\..\lib\armlib\c_w.l(_sputc.o)(.text))
<BR><BR>[Called By]<UL><LI><a href="#[a9]">&gt;&gt;</a>&nbsp;&nbsp;&nbsp;__c89vsprintf
<LI><a href="#[a7]">&gt;&gt;</a>&nbsp;&nbsp;&nbsp;vsnprintf
</UL>
<BR>[Address Reference Count : 1]<UL><LI> c89vsprintf.o(.text)
</UL>
<P><STRONG><a name="[46]"></a>_snputc</STRONG> (Thumb, 16 bytes, Stack size 0 bytes, C:\Logiciels_GE1\Keil_v5\ARM\ARMCC\Bin\..\lib\armlib\c_w.l(_snputc.o)(.text))
<BR>[Address Reference Count : 1]<UL><LI> vsnprintf.o(.text)
</UL>
<P><STRONG><a name="[c0]"></a>_printf_wctomb</STRONG> (Thumb, 182 bytes, Stack size 56 bytes, C:\Logiciels_GE1\Keil_v5\ARM\ARMCC\Bin\..\lib\armlib\c_w.l(_printf_wctomb.o)(.text))
<BR><BR>[Stack]<UL><LI>Max Depth = 80<LI>Call Chain = _printf_wctomb &rArr; _wcrtomb &rArr; __rt_ctype_table
</UL>
<BR>[Calls]<UL><LI><a href="#[c1]">&gt;&gt;</a>&nbsp;&nbsp;&nbsp;_wcrtomb
<LI><a href="#[bb]">&gt;&gt;</a>&nbsp;&nbsp;&nbsp;_printf_post_padding
<LI><a href="#[ba]">&gt;&gt;</a>&nbsp;&nbsp;&nbsp;_printf_pre_padding
</UL>
<BR>[Called By]<UL><LI><a href="#[dd]">&gt;&gt;</a>&nbsp;&nbsp;&nbsp;_printf_lcs_common
</UL>

<P><STRONG><a name="[7f]"></a>_printf_longlong_dec</STRONG> (Thumb, 108 bytes, Stack size 24 bytes, C:\Logiciels_GE1\Keil_v5\ARM\ARMCC\Bin\..\lib\armlib\c_w.l(_printf_longlong_dec.o)(.text))
<BR><BR>[Stack]<UL><LI>Max Depth = 72<LI>Call Chain = _printf_longlong_dec &rArr; _printf_int_common &rArr; _printf_post_padding
</UL>
<BR>[Calls]<UL><LI><a href="#[be]">&gt;&gt;</a>&nbsp;&nbsp;&nbsp;_printf_int_common
<LI><a href="#[c2]">&gt;&gt;</a>&nbsp;&nbsp;&nbsp;_ll_udiv10
</UL>
<BR>[Called By]<UL><LI><a href="#[81]">&gt;&gt;</a>&nbsp;&nbsp;&nbsp;_printf_llu
<LI><a href="#[80]">&gt;&gt;</a>&nbsp;&nbsp;&nbsp;_printf_lld
[...]
<BR><BR>[Stack]<UL><LI>Max Depth = 48<LI>Call Chain = us_ticker_irq_handler &rArr; ticker_irq_handler &rArr; schedule_interrupt &rArr; update_present_time
</UL>
<BR>[Calls]<UL><LI><a href="#[17f]">&gt;&gt;</a>&nbsp;&nbsp;&nbsp;ticker_irq_handler
</UL>
<BR>[Called By]<UL><LI><a href="#[4a]">&gt;&gt;</a>&nbsp;&nbsp;&nbsp;timer_irq_handler
</UL>

<P><STRONG><a name="[56]"></a>us_ticker_read</STRONG> (Thumb, 8 bytes, Stack size 0 bytes, mbed/TARGET_NUCLEO_F303K8/TOOLCHAIN_ARM_STD/us_ticker_32b.o(i.us_ticker_read))
<BR>[Address Reference Count : 1]<UL><LI> mbed_us_ticker_api.o(.constdata)
</UL>
<P><STRONG><a name="[59]"></a>us_ticker_set_interrupt</STRONG> (Thumb, 28 bytes, Stack size 0 bytes, mbed/TARGET_NUCLEO_F303K8/TOOLCHAIN_ARM_STD/us_ticker_32b.o(i.us_ticker_set_interrupt))
<BR>[Address Reference Count : 1]<UL><LI> mbed_us_ticker_api.o(.constdata)
</UL>
<P><STRONG><a name="[121]"></a>wait</STRONG> (Thumb, 44 bytes, Stack size 16 bytes, mbed/TARGET_NUCLEO_F303K8/TOOLCHAIN_ARM_STD/mbed.ar(mbed_wait_api_no_rtos.o)(i.wait))
<BR><BR>[Stack]<UL><LI>Max Depth = 56<LI>Call Chain = wait &rArr; ticker_read &rArr; schedule_interrupt &rArr; update_present_time
</UL>
<BR>[Calls]<UL><LI><a href="#[180]">&gt;&gt;</a>&nbsp;&nbsp;&nbsp;ticker_read
<LI><a href="#[144]">&gt;&gt;</a>&nbsp;&nbsp;&nbsp;get_us_ticker_data
</UL>
<BR>[Called By]<UL><LI><a href="#[127]">&gt;&gt;</a>&nbsp;&nbsp;&nbsp;racourci(int)
<LI><a href="#[11c]">&gt;&gt;</a>&nbsp;&nbsp;&nbsp;Test()
</UL>

<P><STRONG><a name="[128]"></a>wait_ms</STRONG> (Thumb, 36 bytes, Stack size 16 bytes, mbed/TARGET_NUCLEO_F303K8/TOOLCHAIN_ARM_STD/mbed.ar(mbed_wait_api_no_rtos.o)(i.wait_ms))
<BR><BR>[Stack]<UL><LI>Max Depth = 56<LI>Call Chain = wait_ms &rArr; ticker_read &rArr; schedule_interrupt &rArr; update_present_time
</UL>
<BR>[Calls]<UL><LI><a href="#[180]">&gt;&gt;</a>&nbsp;&nbsp;&nbsp;ticker_read
<LI><a href="#[144]">&gt;&gt;</a>&nbsp;&nbsp;&nbsp;get_us_ticker_data
</UL>
<BR>[Called By]<UL><LI><a href="#[172]">&gt;&gt;</a>&nbsp;&nbsp;&nbsp;mbed_die
<LI><a href="#[127]">&gt;&gt;</a>&nbsp;&nbsp;&nbsp;racourci(int)
</UL>

<P><STRONG><a name="[117]"></a>wait_us</STRONG> (Thumb, 30 bytes, Stack size 16 bytes, mbed/TARGET_NUCLEO_F303K8/TOOLCHAIN_ARM_STD/mbed.ar(mbed_wait_api_no_rtos.o)(i.wait_us))
<BR><BR>[Stack]<UL><LI>Max Depth = 56<LI>Call Chain = wait_us &rArr; ticker_read &rArr; schedule_interrupt &rArr; update_present_time
</UL>
<BR>[Calls]<UL><LI><a href="#[180]">&gt;&gt;</a>&nbsp;&nbsp;&nbsp;ticker_read
<LI><a href="#[144]">&gt;&gt;</a>&nbsp;&nbsp;&nbsp;get_us_ticker_data
</UL>
<BR>[Called By]<UL><LI><a href="#[125]">&gt;&gt;</a>&nbsp;&nbsp;&nbsp;Depart(float&, float&)
<LI><a href="#[11c]">&gt;&gt;</a>&nbsp;&nbsp;&nbsp;Test()
<LI><a href="#[115]">&gt;&gt;</a>&nbsp;&nbsp;&nbsp;lirecapteur()
<LI><a href="#[11e]">&gt;&gt;</a>&nbsp;&nbsp;&nbsp;IHM::LCD_clear()
<LI><a href="#[120]">&gt;&gt;</a>&nbsp;&nbsp;&nbsp;IHM::LCD_printf(const char*, ...)
</UL>

<P><STRONG><a name="[96]"></a>_get_lc_numeric</STRONG> (Thumb, 44 bytes, Stack size 8 bytes, C:\Logiciels_GE1\Keil_v5\ARM\ARMCC\Bin\..\lib\armlib\c_w.l(lc_numeric_c.o)(locale$$code))
<BR><BR>[Stack]<UL><LI>Max Depth = 8<LI>Call Chain = _get_lc_numeric
</UL>
<BR>[Calls]<UL><LI><a href="#[15f]">&gt;&gt;</a>&nbsp;&nbsp;&nbsp;strcmp
</UL>
<BR>[Called By]<UL><LI><a href="#[95]">&gt;&gt;</a>&nbsp;&nbsp;&nbsp;__rt_lib_init_lc_numeric_2
</UL>

<P><STRONG><a name="[49]"></a>_get_lc_ctype</STRONG> (Thumb, 44 bytes, Stack size 8 bytes, C:\Logiciels_GE1\Keil_v5\ARM\ARMCC\Bin\..\lib\armlib\c_w.l(lc_ctype_c.o)(locale$$code))
<BR><BR>[Stack]<UL><LI>Max Depth = 8<LI>Call Chain = _get_lc_ctype
</UL>
<BR>[Calls]<UL><LI><a href="#[15f]">&gt;&gt;</a>&nbsp;&nbsp;&nbsp;strcmp
</UL>
<BR>[Called By]<UL><LI><a href="#[94]">&gt;&gt;</a>&nbsp;&nbsp;&nbsp;__rt_lib_init_lc_ctype_2
</UL>
<BR>[Address Reference Count : 1]<UL><LI> rt_ctype_table.o(.text)
</UL>
<P><STRONG><a name="[14d]"></a>SingletonPtr&lang;PlatformMutex&rang;::operator -&rang;()</STRONG> (Thumb, 36 bytes, Stack size 8 bytes, mbed/TARGET_NUCLEO_F303K8/TOOLCHAIN_ARM_STD/mbed.ar(FileBase.o)(t._ZN12SingletonPtrI13PlatformMutexEptEv))
<BR><BR>[Stack]<UL><LI>Max Depth = 400 + Unknown Stack Size
<LI>Call Chain = SingletonPtr&lang;PlatformMutex&rang;::operator -&rang;() &rArr; mbed_assert_internal &rArr; mbed_die &rArr; gpio_init_out &rArr; gpio_init &rArr; Set_GPIO_Clock &rArr; error &rArr; mbed_error_vfprintf &rArr;  core_util_critical_section_exit (Cycle)
</UL>
<BR>[Calls]<UL><LI><a href="#[152]">&gt;&gt;</a>&nbsp;&nbsp;&nbsp;mbed_assert_internal
</UL>
<BR>[Called By]<UL><LI><a href="#[61]">&gt;&gt;</a>&nbsp;&nbsp;&nbsp;mbed::AnalogIn::unlock()
<LI><a href="#[60]">&gt;&gt;</a>&nbsp;&nbsp;&nbsp;mbed::AnalogIn::lock()
<LI><a href="#[14f]">&gt;&gt;</a>&nbsp;&nbsp;&nbsp;mbed::FileBase::lookup(const char*, unsigned)
</UL>

<P><STRONG><a name="[62]"></a>void mbed::Callback&lang;void()&rang;::function_call&lang;mbed::Callback&lang;void()&rang;::method_context&lang;IHM, void(IHM::*)()&rang;&rang;(const void*)</STRONG> (Thumb, 48 bytes, Stack size 24 bytes, .\build\ihm.o(t._ZN4mbed8CallbackIFvvEE13function_callINS2_14method_contextI3IHMMS5_FvvEEEEEvPKv))
<BR><BR>[Stack]<UL><LI>Max Depth = 24<LI>Call Chain = void mbed::Callback&lang;void()&rang;::function_call&lang;mbed::Callback&lang;void()&rang;::method_context&lang;IHM, void(IHM::*)()&rang;&rang;(const void*)
</UL>
<BR>[Address Reference Count : 1]<UL><LI> ihm.o(.constdata__ZZN4mbed8CallbackIFvvEE8generateINS2_14method_contextI3IHMMS5_FvvEEEEEvRKT_E3ops)
</UL>
<P><STRONG><a name="[64]"></a>void mbed::Callback&lang;void()&rang;::function_dtor&lang;mbed::Callback&lang;void()&rang;::method_context&lang;IHM, void(IHM::*)()&rang;&rang;(void*)</STRONG> (Thumb, 2 bytes, Stack size 0 bytes, .\build\ihm.o(t._ZN4mbed8CallbackIFvvEE13function_dtorINS2_14method_contextI3IHMMS5_FvvEEEEEvPv))
<BR>[Address Reference Count : 1]<UL><LI> ihm.o(.constdata__ZZN4mbed8CallbackIFvvEE8generateINS2_14method_contextI3IHMMS5_FvvEEEEEvRKT_E3ops)
</UL>
<P><STRONG><a name="[63]"></a>void mbed::Callback&lang;void()&rang;::function_move&lang;mbed::Callback&lang;void()&rang;::method_context&lang;IHM, void(IHM::*)()&rang;&rang;(void*, const void*)</STRONG> (Thumb, 20 bytes, Stack size 12 bytes, .\build\ihm.o(t._ZN4mbed8CallbackIFvvEE13function_moveINS2_14method_contextI3IHMMS5_FvvEEEEEvPvPKv))
<BR><BR>[Stack]<UL><LI>Max Depth = 12<LI>Call Chain = void mbed::Callback&lang;void()&rang;::function_move&lang;mbed::Callback&lang;void()&rang;::method_context&lang;IHM, void(IHM::*)()&rang;&rang;(void*, const void*)
</UL>
<BR>[Address Reference Count : 1]<UL><LI> ihm.o(.constdata__ZZN4mbed8CallbackIFvvEE8generateINS2_14method_contextI3IHMMS5_FvvEEEEEvRKT_E3ops)
</UL>
<P><STRONG><a name="[183]"></a>mbed::Callback&lang;void()&rang;::Callback&lang;IHM, IHM&rang;(T2*, void(T1::*)())</STRONG> (Thumb, 68 bytes, Stack size 56 bytes, .\build\ihm.o(t._ZN4mbed8CallbackIFvvEEC1I3IHMS4_EEPT0_MT_FvvE))
<BR><BR>[Stack]<UL><LI>Max Depth = 56<LI>Call Chain = mbed::Callback&lang;void()&rang;::Callback&lang;IHM, IHM&rang;(T2*, void(T1::*)())
</UL>
<BR>[Called By]<UL><LI><a href="#[130]">&gt;&gt;</a>&nbsp;&nbsp;&nbsp;mbed::Callback&lang;T3()&rang; mbed::callback&lang;IHM, IHM, void&rang;(T2*, T3(T1::*)())
</UL>

<P><STRONG><a name="[1c9]"></a>mbed::Callback&lang;void()&rang;::Callback__sub_object&lang;IHM, IHM&rang;(T2*, void(T1::*)())</STRONG> (Thumb, 0 bytes, Stack size 56 bytes, .\build\ihm.o(t._ZN4mbed8CallbackIFvvEEC1I3IHMS4_EEPT0_MT_FvvE), UNUSED)

<P><STRONG><a name="[4e]"></a>mbed::Callback&lang;void()&rang;::~Callback()</STRONG> (Thumb, 18 bytes, Stack size 8 bytes, mbed/TARGET_NUCLEO_F303K8/TOOLCHAIN_ARM_STD/mbed.ar(CAN.o)(t._ZN4mbed8CallbackIFvvEED1Ev))
<BR><BR>[Stack]<UL><LI>Max Depth = 8<LI>Call Chain = mbed::Callback&lang;void()&rang;::~Callback()
</UL>
<BR>[Address Reference Count : 1]<UL><LI> CAN.o(i._ZN4mbed3CAND1Ev)
</UL>
<P><STRONG><a name="[1ca]"></a>mbed::Callback&lang;void()&rang;::~Callback__sub_object()</STRONG> (Thumb, 0 bytes, Stack size 8 bytes, mbed/TARGET_NUCLEO_F303K8/TOOLCHAIN_ARM_STD/mbed.ar(CAN.o)(t._ZN4mbed8CallbackIFvvEED1Ev), UNUSED)

<P><STRONG><a name="[130]"></a>mbed::Callback&lang;T3()&rang; mbed::callback&lang;IHM, IHM, void&rang;(T2*, T3(T1::*)())</STRONG> (Thumb, 22 bytes, Stack size 32 bytes, .\build\ihm.o(t._ZN4mbed8callbackI3IHMS1_vEENS_8CallbackIFT1_vEEEPT0_MT_FS3_vE))
<BR><BR>[Stack]<UL><LI>Max Depth = 88<LI>Call Chain = mbed::Callback&lang;T3()&rang; mbed::callback&lang;IHM, IHM, void&rang;(T2*, T3(T1::*)()) &rArr; mbed::Callback&lang;void()&rang;::Callback&lang;IHM, IHM&rang;(T2*, void(T1::*)())
</UL>
<BR>[Calls]<UL><LI><a href="#[183]">&gt;&gt;</a>&nbsp;&nbsp;&nbsp;mbed::Callback&lang;void()&rang;::Callback&lang;IHM, IHM&rang;(T2*, void(T1::*)())
</UL>
<BR>[Called By]<UL><LI><a href="#[12c]">&gt;&gt;</a>&nbsp;&nbsp;&nbsp;IHM::IHM(PinName, PinName)
</UL>

<P><STRONG><a name="[124]"></a>__aeabi_d2f</STRONG> (Thumb, 0 bytes, Stack size 32 bytes, C:\Logiciels_GE1\Keil_v5\ARM\ARMCC\Bin\..\lib\armlib\fz_wm.l(d2f.o)(x$fpl$d2f))
<BR><BR>[Stack]<UL><LI>Max Depth = 32<LI>Call Chain = __aeabi_d2f
</UL>
<BR>[Called By]<UL><LI><a href="#[125]">&gt;&gt;</a>&nbsp;&nbsp;&nbsp;Depart(float&, float&)
<LI><a href="#[11c]">&gt;&gt;</a>&nbsp;&nbsp;&nbsp;Test()
</UL>

<P><STRONG><a name="[184]"></a>_d2f</STRONG> (Thumb, 98 bytes, Stack size 32 bytes, C:\Logiciels_GE1\Keil_v5\ARM\ARMCC\Bin\..\lib\armlib\fz_wm.l(d2f.o)(x$fpl$d2f), UNUSED)
<BR><BR>[Calls]<UL><LI><a href="#[185]">&gt;&gt;</a>&nbsp;&nbsp;&nbsp;__fpl_fretinf
<LI><a href="#[186]">&gt;&gt;</a>&nbsp;&nbsp;&nbsp;__fpl_dnaninf
</UL>

<P><STRONG><a name="[123]"></a>__aeabi_dmul</STRONG> (Thumb, 0 bytes, Stack size 32 bytes, C:\Logiciels_GE1\Keil_v5\ARM\ARMCC\Bin\..\lib\armlib\fz_wm.l(dmul.o)(x$fpl$dmul))
<BR><BR>[Stack]<UL><LI>Max Depth = 32<LI>Call Chain = __aeabi_dmul
</UL>
<BR>[Called By]<UL><LI><a href="#[125]">&gt;&gt;</a>&nbsp;&nbsp;&nbsp;Depart(float&, float&)
<LI><a href="#[11c]">&gt;&gt;</a>&nbsp;&nbsp;&nbsp;Test()
</UL>

<P><STRONG><a name="[187]"></a>_dmul</STRONG> (Thumb, 332 bytes, Stack size 32 bytes, C:\Logiciels_GE1\Keil_v5\ARM\ARMCC\Bin\..\lib\armlib\fz_wm.l(dmul.o)(x$fpl$dmul), UNUSED)
<BR><BR>[Calls]<UL><LI><a href="#[188]">&gt;&gt;</a>&nbsp;&nbsp;&nbsp;__fpl_dretinf
<LI><a href="#[186]">&gt;&gt;</a>&nbsp;&nbsp;&nbsp;__fpl_dnaninf
</UL>

<P><STRONG><a name="[186]"></a>__fpl_dnaninf</STRONG> (Thumb, 156 bytes, Stack size 16 bytes, C:\Logiciels_GE1\Keil_v5\ARM\ARMCC\Bin\..\lib\armlib\fz_wm.l(dnaninf.o)(x$fpl$dnaninf), UNUSED)
<BR><BR>[Called By]<UL><LI><a href="#[187]">&gt;&gt;</a>&nbsp;&nbsp;&nbsp;_dmul
<LI><a href="#[184]">&gt;&gt;</a>&nbsp;&nbsp;&nbsp;_d2f
</UL>

<P><STRONG><a name="[188]"></a>__fpl_dretinf</STRONG> (Thumb, 12 bytes, Stack size 0 bytes, C:\Logiciels_GE1\Keil_v5\ARM\ARMCC\Bin\..\lib\armlib\fz_wm.l(dretinf.o)(x$fpl$dretinf), UNUSED)
<BR><BR>[Called By]<UL><LI><a href="#[189]">&gt;&gt;</a>&nbsp;&nbsp;&nbsp;_f2d
<LI><a href="#[187]">&gt;&gt;</a>&nbsp;&nbsp;&nbsp;_dmul
</UL>

<P><STRONG><a name="[122]"></a>__aeabi_f2d</STRONG> (Thumb, 0 bytes, Stack size 16 bytes, C:\Logiciels_GE1\Keil_v5\ARM\ARMCC\Bin\..\lib\armlib\fz_wm.l(f2d.o)(x$fpl$f2d))
<BR><BR>[Stack]<UL><LI>Max Depth = 16<LI>Call Chain = __aeabi_f2d
</UL>
<BR>[Called By]<UL><LI><a href="#[125]">&gt;&gt;</a>&nbsp;&nbsp;&nbsp;Depart(float&, float&)
<LI><a href="#[11c]">&gt;&gt;</a>&nbsp;&nbsp;&nbsp;Test()
</UL>

<P><STRONG><a name="[189]"></a>_f2d</STRONG> (Thumb, 86 bytes, Stack size 16 bytes, C:\Logiciels_GE1\Keil_v5\ARM\ARMCC\Bin\..\lib\armlib\fz_wm.l(f2d.o)(x$fpl$f2d), UNUSED)
<BR><BR>[Calls]<UL><LI><a href="#[18a]">&gt;&gt;</a>&nbsp;&nbsp;&nbsp;__fpl_fnaninf
<LI><a href="#[188]">&gt;&gt;</a>&nbsp;&nbsp;&nbsp;__fpl_dretinf
</UL>

<P><STRONG><a name="[18a]"></a>__fpl_fnaninf</STRONG> (Thumb, 140 bytes, Stack size 8 bytes, C:\Logiciels_GE1\Keil_v5\ARM\ARMCC\Bin\..\lib\armlib\fz_wm.l(fnaninf.o)(x$fpl$fnaninf), UNUSED)
<BR><BR>[Called By]<UL><LI><a href="#[189]">&gt;&gt;</a>&nbsp;&nbsp;&nbsp;_f2d
</UL>

<P><STRONG><a name="[8f]"></a>_fp_init</STRONG> (Thumb, 10 bytes, Stack size 0 bytes, C:\Logiciels_GE1\Keil_v5\ARM\ARMCC\Bin\..\lib\armlib\fz_wm.l(fpinit.o)(x$fpl$fpinit))
<BR><BR>[Called By]<UL><LI><a href="#[8e]">&gt;&gt;</a>&nbsp;&nbsp;&nbsp;__rt_lib_init_fp_1
</UL>

<P><STRONG><a name="[1cb]"></a>__fplib_config_fpu_vfp</STRONG> (Thumb, 0 bytes, Stack size unknown bytes, C:\Logiciels_GE1\Keil_v5\ARM\ARMCC\Bin\..\lib\armlib\fz_wm.l(fpinit.o)(x$fpl$fpinit), UNUSED)

<P><STRONG><a name="[1cc]"></a>__fplib_config_pureend_doubles</STRONG> (Thumb, 0 bytes, Stack size unknown bytes, C:\Logiciels_GE1\Keil_v5\ARM\ARMCC\Bin\..\lib\armlib\fz_wm.l(fpinit.o)(x$fpl$fpinit), UNUSED)

<P><STRONG><a name="[185]"></a>__fpl_fretinf</STRONG> (Thumb, 10 bytes, Stack size 0 bytes, C:\Logiciels_GE1\Keil_v5\ARM\ARMCC\Bin\..\lib\armlib\fz_wm.l(fretinf.o)(x$fpl$fretinf), UNUSED)
<BR><BR>[Called By]<UL><LI><a href="#[184]">&gt;&gt;</a>&nbsp;&nbsp;&nbsp;_d2f
</UL>

<P><STRONG><a name="[71]"></a>_printf_fp_dec</STRONG> (Thumb, 4 bytes, Stack size 0 bytes, C:\Logiciels_GE1\Keil_v5\ARM\ARMCC\Bin\..\lib\armlib\fz_wm.l(printf1.o)(x$fpl$printf1))
<BR><BR>[Stack]<UL><LI>Max Depth = 324<LI>Call Chain = _printf_fp_dec &rArr; _printf_fp_dec_real &rArr; _fp_digits &rArr; _btod_etento &rArr; _btod_emul &rArr; _e2e
</UL>
<BR>[Calls]<UL><LI><a href="#[d8]">&gt;&gt;</a>&nbsp;&nbsp;&nbsp;_printf_fp_dec_real
</UL>
<BR>[Called By]<UL><LI><a href="#[73]">&gt;&gt;</a>&nbsp;&nbsp;&nbsp;_printf_g
<LI><a href="#[72]">&gt;&gt;</a>&nbsp;&nbsp;&nbsp;_printf_e
<LI><a href="#[70]">&gt;&gt;</a>&nbsp;&nbsp;&nbsp;_printf_f
</UL>

<P><STRONG><a name="[75]"></a>_printf_fp_hex</STRONG> (Thumb, 4 bytes, Stack size 0 bytes, C:\Logiciels_GE1\Keil_v5\ARM\ARMCC\Bin\..\lib\armlib\fz_wm.l(printf2.o)(x$fpl$printf2))
<BR><BR>[Stack]<UL><LI>Max Depth = 112<LI>Call Chain = _printf_fp_hex &rArr; _printf_fp_hex_real &rArr; _printf_fp_infnan &rArr; _printf_post_padding
</UL>
<BR>[Calls]<UL><LI><a href="#[db]">&gt;&gt;</a>&nbsp;&nbsp;&nbsp;_printf_fp_hex_real
</UL>
<BR>[Called By]<UL><LI><a href="#[74]">&gt;&gt;</a>&nbsp;&nbsp;&nbsp;_printf_a
</UL>
<P>
<H3>
Local Symbols
</H3>
<P><STRONG><a name="[165]"></a>adc_read</STRONG> (Thumb, 170 bytes, Stack size 32 bytes, mbed/TARGET_NUCLEO_F303K8/TOOLCHAIN_ARM_STD/analogin_api.o(i.adc_read))
<BR><BR>[Stack]<UL><LI>Max Depth = 148<LI>Call Chain = adc_read &rArr; HAL_ADC_ConfigChannel
</UL>
<BR>[Calls]<UL><LI><a href="#[f4]">&gt;&gt;</a>&nbsp;&nbsp;&nbsp;HAL_ADC_Start
<LI><a href="#[f3]">&gt;&gt;</a>&nbsp;&nbsp;&nbsp;HAL_ADC_PollForConversion
<LI><a href="#[167]">&gt;&gt;</a>&nbsp;&nbsp;&nbsp;HAL_ADC_GetValue
<LI><a href="#[166]">&gt;&gt;</a>&nbsp;&nbsp;&nbsp;HAL_ADC_ConfigChannel
</UL>
<BR>[Called By]<UL><LI><a href="#[14e]">&gt;&gt;</a>&nbsp;&nbsp;&nbsp;analogin_read
</UL>

<P><STRONG><a name="[f0]"></a>can_irq</STRONG> (Thumb, 296 bytes, Stack size 88 bytes, mbed/TARGET_NUCLEO_F303K8/TOOLCHAIN_ARM_STD/can_api.o(i.can_irq))
<BR><BR>[Stack]<UL><LI>Max Depth = 88<LI>Call Chain = can_irq
</UL>
<BR>[Called By]<UL><LI><a href="#[2c]">&gt;&gt;</a>&nbsp;&nbsp;&nbsp;CAN_TX_IRQHandler
<LI><a href="#[2f]">&gt;&gt;</a>&nbsp;&nbsp;&nbsp;CAN_SCE_IRQHandler
<LI><a href="#[2d]">&gt;&gt;</a>&nbsp;&nbsp;&nbsp;CAN_RX0_IRQHandler
</UL>

<P><STRONG><a name="[ed]"></a>ADC_Disable</STRONG> (Thumb, 108 bytes, Stack size 16 bytes, mbed/TARGET_NUCLEO_F303K8/TOOLCHAIN_ARM_STD/stm32f3xx_hal_adc_ex.o(i.ADC_Disable))
<BR><BR>[Stack]<UL><LI>Max Depth = 16<LI>Call Chain = ADC_Disable
</UL>
<BR>[Calls]<UL><LI><a href="#[ee]">&gt;&gt;</a>&nbsp;&nbsp;&nbsp;HAL_GetTick
</UL>
<BR>[Called By]<UL><LI><a href="#[f1]">&gt;&gt;</a>&nbsp;&nbsp;&nbsp;HAL_ADC_Init
</UL>

<P><STRONG><a name="[ef]"></a>ADC_Enable</STRONG> (Thumb, 100 bytes, Stack size 16 bytes, mbed/TARGET_NUCLEO_F303K8/TOOLCHAIN_ARM_STD/stm32f3xx_hal_adc_ex.o(i.ADC_Enable))
<BR><BR>[Stack]<UL><LI>Max Depth = 16<LI>Call Chain = ADC_Enable
</UL>
<BR>[Calls]<UL><LI><a href="#[ee]">&gt;&gt;</a>&nbsp;&nbsp;&nbsp;HAL_GetTick
</UL>
<BR>[Called By]<UL><LI><a href="#[f4]">&gt;&gt;</a>&nbsp;&nbsp;&nbsp;HAL_ADC_Start
</UL>

<P><STRONG><a name="[65]"></a>__sti___8_main_cpp_ihm</STRONG> (Thumb, 286 bytes, Stack size 72 bytes, .\build\main.o(i.__sti___8_main_cpp_ihm))
<BR><BR>[Stack]<UL><LI>Max Depth = 640 + Unknown Stack Size
<LI>Call Chain = __sti___8_main_cpp_ihm &rArr; IHM::IHM(PinName, PinName) &rArr; mbed::CAN::CAN(PinName, PinName) &rArr; can_init &rArr; can_init_freq &rArr; mbed_assert_internal &rArr; mbed_die &rArr; gpio_init_out &rArr; gpio_init &rArr; Set_GPIO_Clock &rArr; error &rArr; mbed_error_vfprintf &rArr;  core_util_critical_section_exit (Cycle)
</UL>
<BR>[Calls]<UL><LI><a href="#[15a]">&gt;&gt;</a>&nbsp;&nbsp;&nbsp;__aeabi_atexit
<LI><a href="#[158]">&gt;&gt;</a>&nbsp;&nbsp;&nbsp;mbed::DigitalIn::DigitalIn(PinName, PinMode)
<LI><a href="#[61]">&gt;&gt;</a>&nbsp;&nbsp;&nbsp;mbed::AnalogIn::unlock()
<LI><a href="#[60]">&gt;&gt;</a>&nbsp;&nbsp;&nbsp;mbed::AnalogIn::lock()
<LI><a href="#[14b]">&gt;&gt;</a>&nbsp;&nbsp;&nbsp;mbed::PwmOut::PwmOut(PinName)
<LI><a href="#[145]">&gt;&gt;</a>&nbsp;&nbsp;&nbsp;mbed::BusOut::BusOut(PinName, PinName, PinName, PinName, PinName, PinName, PinName, PinName, PinName, PinName, PinName, PinName, PinName, PinName, PinName, PinName)
<LI><a href="#[143]">&gt;&gt;</a>&nbsp;&nbsp;&nbsp;mbed::Timer::Timer()
<LI><a href="#[15b]">&gt;&gt;</a>&nbsp;&nbsp;&nbsp;analogin_init
<LI><a href="#[12c]">&gt;&gt;</a>&nbsp;&nbsp;&nbsp;IHM::IHM(PinName, PinName)
</UL>
<BR>[Address Reference Count : 1]<UL><LI> main.o(.init_array)
</UL>
<P><STRONG><a name="[4c]"></a>&lang;Func1&rang;</STRONG> (Thumb, 12 bytes, Stack size 0 bytes, mbed/TARGET_NUCLEO_F303K8/TOOLCHAIN_ARM_STD/mbed.ar(CAN.o)(i.<Func1>))
<BR>[Address Reference Count : 1]<UL><LI> CAN.o(i._ZN4mbed3CANC1E7PinNameS1_)
</UL>
<P><STRONG><a name="[17c]"></a>schedule_interrupt</STRONG> (Thumb, 102 bytes, Stack size 16 bytes, mbed/TARGET_NUCLEO_F303K8/TOOLCHAIN_ARM_STD/mbed.ar(mbed_ticker_api.o)(i.schedule_interrupt))
<BR><BR>[Stack]<UL><LI>Max Depth = 32<LI>Call Chain = schedule_interrupt &rArr; update_present_time
</UL>
<BR>[Calls]<UL><LI><a href="#[17d]">&gt;&gt;</a>&nbsp;&nbsp;&nbsp;update_present_time
</UL>
<BR>[Called By]<UL><LI><a href="#[180]">&gt;&gt;</a>&nbsp;&nbsp;&nbsp;ticker_read
<LI><a href="#[17f]">&gt;&gt;</a>&nbsp;&nbsp;&nbsp;ticker_irq_handler
<LI><a href="#[13f]">&gt;&gt;</a>&nbsp;&nbsp;&nbsp;ticker_read_us
</UL>

<P><STRONG><a name="[17d]"></a>update_present_time</STRONG> (Thumb, 40 bytes, Stack size 16 bytes, mbed/TARGET_NUCLEO_F303K8/TOOLCHAIN_ARM_STD/mbed.ar(mbed_ticker_api.o)(i.update_present_time))
<BR><BR>[Stack]<UL><LI>Max Depth = 16<LI>Call Chain = update_present_time
</UL>
<BR>[Called By]<UL><LI><a href="#[180]">&gt;&gt;</a>&nbsp;&nbsp;&nbsp;ticker_read
<LI><a href="#[17c]">&gt;&gt;</a>&nbsp;&nbsp;&nbsp;schedule_interrupt
<LI><a href="#[13f]">&gt;&gt;</a>&nbsp;&nbsp;&nbsp;ticker_read_us
</UL>

<P><STRONG><a name="[48]"></a>_printf_input_char</STRONG> (Thumb, 10 bytes, Stack size 0 bytes, C:\Logiciels_GE1\Keil_v5\ARM\ARMCC\Bin\..\lib\armlib\c_w.l(_printf_char_common.o)(.text))
<BR>[Address Reference Count : 1]<UL><LI> _printf_char_common.o(.text)
</UL>
<P><STRONG><a name="[d3]"></a>_fp_digits</STRONG> (Thumb, 432 bytes, Stack size 96 bytes, C:\Logiciels_GE1\Keil_v5\ARM\ARMCC\Bin\..\lib\armlib\c_w.l(_printf_fp_dec.o)(.text))
<BR><BR>[Stack]<UL><LI>Max Depth = 220<LI>Call Chain = _fp_digits &rArr; _btod_etento &rArr; _btod_emul &rArr; _e2e
</UL>
<BR>[Calls]<UL><LI><a href="#[d7]">&gt;&gt;</a>&nbsp;&nbsp;&nbsp;_btod_emul
<LI><a href="#[d6]">&gt;&gt;</a>&nbsp;&nbsp;&nbsp;_btod_ediv
<LI><a href="#[d5]">&gt;&gt;</a>&nbsp;&nbsp;&nbsp;_btod_d2e
<LI><a href="#[d4]">&gt;&gt;</a>&nbsp;&nbsp;&nbsp;_btod_etento
<LI><a href="#[c2]">&gt;&gt;</a>&nbsp;&nbsp;&nbsp;_ll_udiv10
</UL>
<BR>[Called By]<UL><LI><a href="#[d8]">&gt;&gt;</a>&nbsp;&nbsp;&nbsp;_printf_fp_dec_real
</UL>
<P>
<H3>
Undefined Global Symbols
</H3><HR></body></html>
